[    0.000000] Initializing cgroup subsys cpuset
[    0.000000] Initializing cgroup subsys cpu
[    0.000000] Initializing cgroup subsys cpuacct
[    0.000000] Linux version 4.4.0-150-generic (buildd@lgw01-amd64-036) (gcc version 5.4.0 20160609 (Ubuntu 5.4.0-6ubuntu1~16.04.10) ) #176-Ubuntu SMP Wed May 29 18:56:26 UTC 2019 (Ubuntu 4.4.0-150.176-generic 4.4.179)
[    0.000000] Command line: BOOT_IMAGE=/boot/vmlinuz-4.4.0-150-generic root=UUID=f2a45b67-c120-4bad-a11f-34bb4a676dd8 ro console=tty1 console=ttyS0
[    0.000000] KERNEL supported cpus:
[    0.000000]   Intel GenuineIntel
[    0.000000]   AMD AuthenticAMD
[    0.000000]   Centaur CentaurHauls
[    0.000000] x86/fpu: xstate_offset[2]:  576, xstate_sizes[2]:  256
[    0.000000] x86/fpu: Supporting XSAVE feature 0x01: 'x87 floating point registers'
[    0.000000] x86/fpu: Supporting XSAVE feature 0x02: 'SSE registers'
[    0.000000] x86/fpu: Supporting XSAVE feature 0x04: 'AVX registers'
[    0.000000] x86/fpu: Enabled xstate features 0x7, context size is 832 bytes, using 'standard' format.
[    0.000000] e820: BIOS-provided physical RAM map:
[    0.000000] BIOS-e820: [mem 0x0000000000000000-0x000000000009fbff] usable
[    0.000000] BIOS-e820: [mem 0x000000000009fc00-0x000000000009ffff] reserved
[    0.000000] BIOS-e820: [mem 0x00000000000f0000-0x00000000000fffff] reserved
[    0.000000] BIOS-e820: [mem 0x0000000000100000-0x000000003ffeffff] usable
[    0.000000] BIOS-e820: [mem 0x000000003fff0000-0x000000003fffffff] ACPI data
[    0.000000] BIOS-e820: [mem 0x00000000fec00000-0x00000000fec00fff] reserved
[    0.000000] BIOS-e820: [mem 0x00000000fee00000-0x00000000fee00fff] reserved
[    0.000000] BIOS-e820: [mem 0x00000000fffc0000-0x00000000ffffffff] reserved
[    0.000000] NX (Execute Disable) protection: active
[    0.000000] SMBIOS 2.5 present.
[    0.000000] Hypervisor detected: KVM
[    0.000000] e820: last_pfn = 0x3fff0 max_arch_pfn = 0x400000000
[    0.000000] MTRR: Disabled
[    0.000000] x86/PAT: MTRRs disabled, skipping PAT initialization too.
[    0.000000] CPU MTRRs all blank - virtualized system.
[    0.000000] x86/PAT: Configuration [0-7]: WB  WT  UC- UC  WB  WT  UC- UC  
[    0.000000] found SMP MP-table at [mem 0x0009fff0-0x0009ffff] mapped at [ffff88000009fff0]
[    0.000000] Scanning 1 areas for low memory corruption
[    0.000000] RAMDISK: [mem 0x361ec000-0x370edfff]
[    0.000000] ACPI: Early table checksum verification disabled
[    0.000000] ACPI: RSDP 0x00000000000E0000 000024 (v02 VBOX  )
[    0.000000] ACPI: XSDT 0x000000003FFF0030 00003C (v01 VBOX   VBOXXSDT 00000001 ASL  00000061)
[    0.000000] ACPI: FACP 0x000000003FFF00F0 0000F4 (v04 VBOX   VBOXFACP 00000001 ASL  00000061)
[    0.000000] ACPI: DSDT 0x000000003FFF0470 0022EA (v02 VBOX   VBOXBIOS 00000002 INTL 20100528)
[    0.000000] ACPI: FACS 0x000000003FFF0200 000040
[    0.000000] ACPI: FACS 0x000000003FFF0200 000040
[    0.000000] ACPI: APIC 0x000000003FFF0240 00005C (v02 VBOX   VBOXAPIC 00000001 ASL  00000061)
[    0.000000] ACPI: SSDT 0x000000003FFF02A0 0001CC (v01 VBOX   VBOXCPUT 00000002 INTL 20100528)
[    0.000000] No NUMA configuration found
[    0.000000] Faking a node at [mem 0x0000000000000000-0x000000003ffeffff]
[    0.000000] NODE_DATA(0) allocated [mem 0x3ffeb000-0x3ffeffff]
[    0.000000] kvm-clock: Using msrs 4b564d01 and 4b564d00
[    0.000000] kvm-clock: cpu 0, msr 0:3ffe3001, primary cpu clock
[    0.000000] kvm-clock: using sched offset of 6114388834 cycles
[    0.000000] clocksource: kvm-clock: mask: 0xffffffffffffffff max_cycles: 0x1cd42e4dffb, max_idle_ns: 881590591483 ns
[    0.000000] Zone ranges:
[    0.000000]   DMA      [mem 0x0000000000001000-0x0000000000ffffff]
[    0.000000]   DMA32    [mem 0x0000000001000000-0x000000003ffeffff]
[    0.000000]   Normal   empty
[    0.000000]   Device   empty
[    0.000000] Movable zone start for each node
[    0.000000] Early memory node ranges
[    0.000000]   node   0: [mem 0x0000000000001000-0x000000000009efff]
[    0.000000]   node   0: [mem 0x0000000000100000-0x000000003ffeffff]
[    0.000000] Initmem setup node 0 [mem 0x0000000000001000-0x000000003ffeffff]
[    0.000000] ACPI: PM-Timer IO Port: 0x4008
[    0.000000] IOAPIC[0]: apic_id 2, version 32, address 0xfec00000, GSI 0-23
[    0.000000] ACPI: INT_SRC_OVR (bus 0 bus_irq 0 global_irq 2 dfl dfl)
[    0.000000] ACPI: INT_SRC_OVR (bus 0 bus_irq 9 global_irq 9 low level)
[    0.000000] Using ACPI (MADT) for SMP configuration information
[    0.000000] smpboot: Allowing 2 CPUs, 0 hotplug CPUs
[    0.000000] PM: Registered nosave memory: [mem 0x00000000-0x00000fff]
[    0.000000] PM: Registered nosave memory: [mem 0x0009f000-0x0009ffff]
[    0.000000] PM: Registered nosave memory: [mem 0x000a0000-0x000effff]
[    0.000000] PM: Registered nosave memory: [mem 0x000f0000-0x000fffff]
[    0.000000] e820: [mem 0x40000000-0xfebfffff] available for PCI devices
[    0.000000] Booting paravirtualized kernel on KVM
[    0.000000] clocksource: refined-jiffies: mask: 0xffffffff max_cycles: 0xffffffff, max_idle_ns: 7645519600211568 ns
[    0.000000] setup_percpu: NR_CPUS:512 nr_cpumask_bits:512 nr_cpu_ids:2 nr_node_ids:1
[    0.000000] PERCPU: Embedded 34 pages/cpu @ffff88003fc00000 s99480 r8192 d31592 u1048576
[    0.000000] Built 1 zonelists in Node order, mobility grouping on.  Total pages: 257912
[    0.000000] Policy zone: DMA32
[    0.000000] Kernel command line: BOOT_IMAGE=/boot/vmlinuz-4.4.0-150-generic root=UUID=f2a45b67-c120-4bad-a11f-34bb4a676dd8 ro console=tty1 console=ttyS0
[    0.000000] PID hash table entries: 4096 (order: 3, 32768 bytes)
[    0.000000] Memory: 997192K/1048120K available (8613K kernel code, 1335K rwdata, 4028K rodata, 1484K init, 1284K bss, 50928K reserved, 0K cma-reserved)
[    0.000000] SLUB: HWalign=64, Order=0-3, MinObjects=0, CPUs=2, Nodes=1
[    0.000000] Kernel/User page tables isolation: enabled
[    0.000000] Hierarchical RCU implementation.
[    0.000000] 	Build-time adjustment of leaf fanout to 64.
[    0.000000] 	RCU restricting CPUs from NR_CPUS=512 to nr_cpu_ids=2.
[    0.000000] RCU: Adjusting geometry for rcu_fanout_leaf=64, nr_cpu_ids=2
[    0.000000] NR_IRQS:33024 nr_irqs:440 16
[    0.000000] Console: colour VGA+ 80x25
[    0.000000] console [tty1] enabled
[    0.000000] console [ttyS0] enabled
[    0.000000] tsc: Detected 2903.998 MHz processor
[    0.180734] Calibrating delay loop (skipped) preset value.. 5807.99 BogoMIPS (lpj=11615992)
[    0.183079] pid_max: default: 32768 minimum: 301
[    0.184419] ACPI: Core revision 20150930
[    0.186202] ACPI: 2 ACPI AML tables successfully acquired and loaded
[    0.187915] Security Framework initialized
[    0.188998] Yama: becoming mindful.
[    0.189958] AppArmor: AppArmor initialized
[    0.191095] Dentry cache hash table entries: 131072 (order: 8, 1048576 bytes)
[    0.194308] Inode-cache hash table entries: 65536 (order: 7, 524288 bytes)
[    0.196183] Mount-cache hash table entries: 2048 (order: 2, 16384 bytes)
[    0.197827] Mountpoint-cache hash table entries: 2048 (order: 2, 16384 bytes)
[    0.200114] Initializing cgroup subsys io
[    0.201933] Initializing cgroup subsys memory
[    0.203112] Initializing cgroup subsys devices
[    0.204352] Initializing cgroup subsys freezer
[    0.205717] Initializing cgroup subsys net_cls
[    0.207899] Initializing cgroup subsys perf_event
[    0.209710] Initializing cgroup subsys net_prio
[    0.211208] Initializing cgroup subsys hugetlb
[    0.212532] Initializing cgroup subsys pids
[    0.214977] mce: CPU supports 0 MCE banks
[    0.216389] Last level iTLB entries: 4KB 64, 2MB 8, 4MB 8
[    0.217832] Last level dTLB entries: 4KB 64, 2MB 0, 4MB 0, 1GB 4
[    0.219434] Spectre V2 : Mitigation: Full generic retpoline
[    0.221031] Spectre V2 : Spectre v2 / SpectreRSB mitigation: Filling RSB on context switch
[    0.223689] Speculative Store Bypass: Vulnerable
[    0.225237] MDS: Vulnerable: Clear CPU buffers attempted, no microcode
[    0.229462] Freeing SMP alternatives memory: 36K
[    0.236807] ftrace: allocating 32298 entries in 127 pages
[    0.291053] smpboot: APIC(0) Converting physical 0 to logical package 0
[    0.293951] smpboot: Max logical packages: 1
[    0.295650] x2apic enabled
[    0.297233] Switched APIC routing to physical x2apic.
[    0.299595] ..TIMER: vector=0x30 apic1=0 pin1=2 apic2=-1 pin2=-1
[    0.408042] smpboot: CPU0: Intel(R) Core(TM) i7-7820HQ CPU @ 2.90GHz (family: 0x6, model: 0x9e, stepping: 0x9)
[    0.412704] Performance Events: unsupported p6 CPU model 158 no PMU driver, software events only.
[    0.424141] KVM setup paravirtual spinlock
[    0.427038] x86: Booting SMP configuration:
[    0.428843] .... node  #0, CPUs:      #1
[    0.430282] kvm-clock: cpu 1, msr 0:3ffe3041, secondary cpu clock
[    0.432608] mce: CPU supports 0 MCE banks
[    0.435469] x86: Booted up 1 node, 2 CPUs
[    0.437114] smpboot: Total of 2 processors activated (11615.99 BogoMIPS)
[    0.439141] devtmpfs: initialized
[    0.441550] evm: security.selinux
[    0.442509] evm: security.SMACK64
[    0.443456] evm: security.SMACK64EXEC
[    0.444481] evm: security.SMACK64TRANSMUTE
[    0.445711] evm: security.SMACK64MMAP
[    0.446745] evm: security.ima
[    0.447613] evm: security.capability
[    0.448822] clocksource: jiffies: mask: 0xffffffff max_cycles: 0xffffffff, max_idle_ns: 7645041785100000 ns
[    0.451299] futex hash table entries: 512 (order: 3, 32768 bytes)
[    0.453055] pinctrl core: initialized pinctrl subsystem
[    0.454510] RTC time:  3:55:10, date: 01/08/20
[    0.455883] NET: Registered protocol family 16
[    0.469138] cpuidle: using governor ladder
[    0.481249] cpuidle: using governor menu
[    0.483535] PCCT header not found.
[    0.485169] ACPI: bus type PCI registered
[    0.486503] acpiphp: ACPI Hot Plug PCI Controller Driver version: 0.5
[    0.488427] PCI: Using configuration type 1 for base access
[    0.502903] ACPI: Added _OSI(Module Device)
[    0.505243] ACPI: Added _OSI(Processor Device)
[    0.506554] ACPI: Added _OSI(3.0 _SCP Extensions)
[    0.507856] ACPI: Added _OSI(Processor Aggregator Device)
[    0.510345] ACPI: Executed 1 blocks of module-level executable AML code
[    0.514281] ACPI: Interpreter enabled
[    0.515395] ACPI: (supports S0 S5)
[    0.516402] ACPI: Using IOAPIC for interrupt routing
[    0.517881] PCI: Using host bridge windows from ACPI; if necessary, use "pci=nocrs" and report a bug
[    0.524311] ACPI: PCI Root Bridge [PCI0] (domain 0000 [bus 00-ff])
[    0.527122] acpi PNP0A03:00: _OSC: OS supports [ASPM ClockPM Segments MSI]
[    0.529643] acpi PNP0A03:00: _OSC: not requesting OS control; OS requires [ExtendedConfig ASPM ClockPM MSI]
[    0.532198] acpi PNP0A03:00: fail to add MMCONFIG information, can't access extended PCI configuration space under this bridge.
[    0.535610] PCI host bridge to bus 0000:00
[    0.536865] pci_bus 0000:00: root bus resource [io  0x0000-0x0cf7 window]
[    0.538626] pci_bus 0000:00: root bus resource [io  0x0d00-0xffff window]
[    0.540375] pci_bus 0000:00: root bus resource [mem 0x000a0000-0x000bffff window]
[    0.542460] pci_bus 0000:00: root bus resource [mem 0x40000000-0xfdffffff window]
[    0.544550] pci_bus 0000:00: root bus resource [bus 00-ff]
[    0.549479] pci 0000:00:01.1: legacy IDE quirk: reg 0x10: [io  0x01f0-0x01f7]
[    0.551661] pci 0000:00:01.1: legacy IDE quirk: reg 0x14: [io  0x03f6]
[    0.553352] pci 0000:00:01.1: legacy IDE quirk: reg 0x18: [io  0x0170-0x0177]
[    0.555167] pci 0000:00:01.1: legacy IDE quirk: reg 0x1c: [io  0x0376]
[    0.570558] pci 0000:00:07.0: quirk: [io  0x4000-0x403f] claimed by PIIX4 ACPI
[    0.581882] pci 0000:00:07.0: quirk: [io  0x4100-0x410f] claimed by PIIX4 SMB
[    0.594105] ACPI: PCI Interrupt Link [LNKA] (IRQs 5 9 10 *11)
[    0.596764] ACPI: PCI Interrupt Link [LNKB] (IRQs 5 9 *10 11)
[    0.598812] ACPI: PCI Interrupt Link [LNKC] (IRQs 5 *9 10 11)
[    0.600736] ACPI: PCI Interrupt Link [LNKD] (IRQs 5 9 10 *11)
[    0.602682] ACPI: Enabled 2 GPEs in block 00 to 07
[    0.604367] vgaarb: setting as boot device: PCI:0000:00:02.0
[    0.606031] vgaarb: device added: PCI:0000:00:02.0,decodes=io+mem,owns=io+mem,locks=none
[    0.608281] vgaarb: loaded
[    0.609699] vgaarb: bridge control possible 0000:00:02.0
[    0.611410] SCSI subsystem initialized
[    0.612558] ACPI: bus type USB registered
[    0.613675] usbcore: registered new interface driver usbfs
[    0.615187] usbcore: registered new interface driver hub
[    0.617448] usbcore: registered new device driver usb
[    0.619137] PCI: Using ACPI for IRQ routing
[    0.620859] NetLabel: Initializing
[    0.622267] NetLabel:  domain hash size = 128
[    0.624200] NetLabel:  protocols = UNLABELED CIPSOv4
[    0.627198] NetLabel:  unlabeled traffic allowed by default
[    0.629158] amd_nb: Cannot enumerate AMD northbridges
[    0.630759] clocksource: Switched to clocksource kvm-clock
[    0.639913] AppArmor: AppArmor Filesystem Enabled
[    0.641497] pnp: PnP ACPI init
[    0.643807] pnp: PnP ACPI: found 3 devices
[    0.656152] clocksource: acpi_pm: mask: 0xffffff max_cycles: 0xffffff, max_idle_ns: 2085701024 ns
[    0.659217] NET: Registered protocol family 2
[    0.660998] TCP established hash table entries: 8192 (order: 4, 65536 bytes)
[    0.663300] TCP bind hash table entries: 8192 (order: 5, 131072 bytes)
[    0.665460] TCP: Hash tables configured (established 8192 bind 8192)
[    0.667497] UDP hash table entries: 512 (order: 2, 16384 bytes)
[    0.669315] UDP-Lite hash table entries: 512 (order: 2, 16384 bytes)
[    0.671431] NET: Registered protocol family 1
[    0.673241] pci 0000:00:00.0: Limiting direct PCI/PCI transfers
[    0.675259] pci 0000:00:01.0: Activating ISA DMA hang workarounds
[    0.677305] Unpacking initramfs...
[    0.873583] Freeing initrd memory: 15368K
[    0.876632] clocksource: tsc: mask: 0xffffffffffffffff max_cycles: 0x29dc03c1beb, max_idle_ns: 440795205215 ns
[    0.879893] platform rtc_cmos: registered platform RTC device (no PNP device found)
[    0.881992] Scanning for low memory corruption every 60 seconds
[    0.883924] audit: initializing netlink subsys (disabled)
[    0.885441] audit: type=2000 audit(1578455718.234:1): initialized
[    0.887197] Initialise system trusted keyring
[    0.888625] HugeTLB registered 2 MB page size, pre-allocated 0 pages
[    0.892041] zbud: loaded
[    0.893150] VFS: Disk quotas dquot_6.6.0
[    0.894272] VFS: Dquot-cache hash table entries: 512 (order 0, 4096 bytes)
[    0.896343] squashfs: version 4.0 (2009/01/31) Phillip Lougher
[    0.898054] fuse init (API version 7.23)
[    0.899420] Key type big_key registered
[    0.901092] Allocating IMA MOK and blacklist keyrings.
[    0.904108] Key type asymmetric registered
[    0.905344] Asymmetric key parser 'x509' registered
[    0.906631] Block layer SCSI generic (bsg) driver version 0.4 loaded (major 249)
[    0.909269] io scheduler noop registered
[    0.910700] io scheduler deadline registered (default)
[    0.912385] io scheduler cfq registered
[    0.913521] pci_hotplug: PCI Hot Plug PCI Core version: 0.5
[    0.915067] pciehp: PCI Express Hot Plug Controller Driver version: 0.4
[    0.917083] ACPI: AC Adapter [AC] (off-line)
[    0.918294] input: Power Button as /devices/LNXSYSTM:00/LNXPWRBN:00/input/input0
[    0.920402] ACPI: Power Button [PWRF]
[    0.921550] input: Sleep Button as /devices/LNXSYSTM:00/LNXSLPBN:00/input/input1
[    0.923570] ACPI: Sleep Button [SLPF]
[    0.924837] GHES: HEST is not enabled!
[    0.925865] ACPI: Battery Slot [BAT0] (battery present)
[    0.927737] Serial: 8250/16550 driver, 32 ports, IRQ sharing enabled
[    0.950032] 00:02: ttyS0 at I/O 0x3f8 (irq = 4, base_baud = 115200) is a 16550A
[    0.956113] Linux agpgart interface v0.103
[    0.960571] loop: module loaded
[    0.962291] scsi host0: ata_piix
[    0.963482] scsi host1: ata_piix
[    0.964454] ata1: PATA max UDMA/33 cmd 0x1f0 ctl 0x3f6 bmdma 0xd000 irq 14
[    0.966493] ata2: PATA max UDMA/33 cmd 0x170 ctl 0x376 bmdma 0xd008 irq 15
[    0.968499] libphy: Fixed MDIO Bus: probed
[    0.969933] tun: Universal TUN/TAP device driver, 1.6
[    0.971504] tun: (C) 1999-2004 Max Krasnyansky <maxk@qualcomm.com>
[    0.973232] PPP generic driver version 2.4.2
[    0.974819] ehci_hcd: USB 2.0 'Enhanced' Host Controller (EHCI) Driver
[    0.976504] ehci-pci: EHCI PCI platform driver
[    0.977722] ehci-platform: EHCI generic platform driver
[    0.979160] ohci_hcd: USB 1.1 'Open' Host Controller (OHCI) Driver
[    0.980755] ohci-pci: OHCI PCI platform driver
[    0.981954] ohci-platform: OHCI generic platform driver
[    0.983450] uhci_hcd: USB Universal Host Controller Interface driver
[    0.985142] i8042: PNP: PS/2 Controller [PNP0303:PS2K,PNP0f03:PS2M] at 0x60,0x64 irq 1,12
[    0.987869] serio: i8042 KBD port at 0x60,0x64 irq 1
[    0.989207] serio: i8042 AUX port at 0x60,0x64 irq 12
[    0.990964] mousedev: PS/2 mouse device common for all mice
[    0.993017] input: AT Translated Set 2 keyboard as /devices/platform/i8042/serio0/input/input2
[    0.995735] rtc_cmos rtc_cmos: rtc core: registered rtc_cmos as rtc0
[    0.997400] rtc_cmos rtc_cmos: alarms up to one day, 114 bytes nvram
[    0.999027] i2c /dev entries driver
[    1.000079] device-mapper: uevent: version 1.0.3
[    1.001411] device-mapper: ioctl: 4.34.0-ioctl (2015-10-28) initialised: dm-devel@redhat.com
[    1.003722] ledtrig-cpu: registered to indicate activity on CPUs
[    1.005610] NET: Registered protocol family 10
[    1.007012] NET: Registered protocol family 17
[    1.008222] Key type dns_resolver registered
[    1.009726] registered taskstats version 1
[    1.010866] Loading compiled-in X.509 certificates
[    1.012657] Loaded X.509 cert 'Build time autogenerated kernel key: a7915d3ef14e82ec7978a6e44664328aa121e7a5'
[    1.015263] zswap: loaded using pool lzo/zbud
[    1.017952] Key type trusted registered
[    1.021502] Key type encrypted registered
[    1.023233] AppArmor: AppArmor sha1 policy hashing enabled
[    1.024655] ima: No TPM chip found, activating TPM-bypass!
[    1.026105] ima: Allocated hash algorithm: sha1
[    1.027376] evm: HMAC attrs: 0x1
[    1.028834]   Magic number: 4:774:916
[    1.029882] tty ptmx: hash matches
[    1.030940] rtc_cmos rtc_cmos: setting system clock to 2020-01-08 03:55:11 UTC (1578455711)
[    1.033273] BIOS EDD facility v0.16 2004-Jun-25, 0 devices found
[    1.034831] EDD information not available.
[    1.124452] Freeing unused kernel memory: 1484K
[    1.126616] Write protecting the kernel read-only data: 14336k
[    1.129186] Freeing unused kernel memory: 1616K
[    1.130727] Freeing unused kernel memory: 68K
Loading, please wait...
starting version 229
[    1.143253] random: systemd-udevd: uninitialized urandom read (16 bytes read, 3 bits of entropy available)
[    1.143984] random: udevadm: uninitialized urandom read (16 bytes read, 3 bits of entropy available)
[    1.143999] random: udevadm: uninitialized urandom read (16 bytes read, 3 bits of entropy available)
[    1.150396] random: udevadm: uninitialized urandom read (16 bytes read, 3 bits of entropy available)
[    1.150429] random: udevadm: uninitialized urandom read (16 bytes read, 3 bits of entropy available)
[    1.150532] random: udevadm: uninitialized urandom read (16 bytes read, 3 bits of entropy available)
[    1.150571] random: udevadm: uninitialized urandom read (16 bytes read, 3 bits of entropy available)
[    1.150609] random: udevadm: uninitialized urandom read (16 bytes read, 3 bits of entropy available)
[    1.150646] random: udevadm: uninitialized urandom read (16 bytes read, 3 bits of entropy available)
[    1.150681] random: udevadm: uninitialized urandom read (16 bytes read, 3 bits of entropy available)
[    1.196530] Fusion MPT base driver 3.04.20
[    1.198822] Copyright (c) 1999-2008 LSI Corporation
[    1.202511] e1000: Intel(R) PRO/1000 Network Driver - version 7.3.21-k8-NAPI
[    1.205043] e1000: Copyright (c) 1999-2006 Intel Corporation.
[    1.213447] AVX2 version of gcm_enc/dec engaged.
[    1.215854] AES CTR mode by8 optimization enabled
[    1.230715] Fusion MPT SPI Host driver 3.04.20
[    1.404187] input: ImExPS/2 Generic Explorer Mouse as /devices/platform/i8042/serio1/input/input4
[    1.618909] e1000 0000:00:03.0 eth0: (PCI:33MHz:32-bit) 02:bc:a8:42:42:bc
[    1.621088] e1000 0000:00:03.0 eth0: Intel(R) PRO/1000 Network Connection
[    1.623648] mptbase: ioc0: Initiating bringup
[    1.688491] ioc0: LSI53C1030 A0: Capabilities={Initiator}
[    1.855745] scsi host2: ioc0: LSI53C1030 A0, FwRev=00000000h, Ports=1, MaxQ=256, IRQ=20
[    1.972098] scsi 2:0:0:0: Direct-Access     VBOX     HARDDISK         1.0  PQ: 0 ANSI: 5
[    1.976314] scsi target2:0:0: Beginning Domain Validation
[    1.979323] scsi target2:0:0: Domain Validation skipping write tests
[    1.981205] scsi target2:0:0: Ending Domain Validation
[    1.982767] scsi target2:0:0: asynchronous
[    1.984526] scsi 2:0:1:0: Direct-Access     VBOX     HARDDISK         1.0  PQ: 0 ANSI: 5
[    1.986949] scsi target2:0:1: Beginning Domain Validation
[    1.989635] scsi target2:0:1: Domain Validation skipping write tests
[    1.991389] scsi target2:0:1: Ending Domain Validation
[    1.992781] scsi target2:0:1: asynchronous
[    2.003481] sd 2:0:0:0: Attached scsi generic sg0 type 0
[    2.005671] sd 2:0:0:0: [sda] 20971520 512-byte logical blocks: (10.7 GB/10.0 GiB)
[    2.017634] sd 2:0:1:0: [sdb] 20480 512-byte logical blocks: (10.5 MB/10.0 MiB)
[    2.020759] sd 2:0:1:0: Attached scsi generic sg1 type 0
[    2.023310] sd 2:0:1:0: [sdb] Write Protect is off
[    2.024778] sd 2:0:1:0: [sdb] Incomplete mode parameter data
[    2.026322] sd 2:0:1:0: [sdb] Assuming drive cache: write through
[    2.028044] sd 2:0:0:0: [sda] Write Protect is off
[    2.029642] sd 2:0:0:0: [sda] Incomplete mode parameter data
[    2.031265] sd 2:0:0:0: [sda] Assuming drive cache: write through
[    2.039619]  sda: sda1
[    2.042665] sd 2:0:1:0: [sdb] Attached SCSI disk
[    2.045329] sd 2:0:0:0: [sda] Attached SCSI disk
[    2.381207] e1000 0000:00:08.0 eth1: (PCI:33MHz:32-bit) 08:00:27:19:c9:2c
[    2.384703] e1000 0000:00:08.0 eth1: Intel(R) PRO/1000 Network Connection
[    2.387668] e1000 0000:00:03.0 enp0s3: renamed from eth0
[    2.399996] e1000 0000:00:08.0 enp0s8: renamed from eth1
Begin: Loading essential drivers ... [    3.670114] md: linear personality registered for level -1
[    3.675418] md: multipath personality registered for level -4
[    3.680076] md: raid0 personality registered for level 0
[    3.685184] md: raid1 personality registered for level 1
[    3.758798] raid6: sse2x1   gen() 12357 MB/s
[    3.827177] raid6: sse2x1   xor()  9409 MB/s
[    3.895005] raid6: sse2x2   gen() 15164 MB/s
[    3.963087] raid6: sse2x2   xor() 10268 MB/s
[    4.030909] raid6: sse2x4   gen() 15651 MB/s
[    4.099140] raid6: sse2x4   xor() 11326 MB/s
[    4.167034] raid6: avx2x1   gen() 25091 MB/s
[    4.235029] raid6: avx2x2   gen() 29023 MB/s
[    4.303039] raid6: avx2x4   gen() 31265 MB/s
[    4.305189] raid6: using algorithm avx2x4 gen() 31265 MB/s
[    4.307133] raid6: using avx2x2 recovery algorithm
[    4.309645] xor: automatically using best checksumming function:
[    4.359006]    avx       : 32386.000 MB/sec
[    4.362368] async_tx: api initialized (async)
[    4.373518] md: raid6 personality registered for level 6
[    4.376531] md: raid5 personality registered for level 5
[    4.378332] md: raid4 personality registered for level 4
[    4.385484] md: raid10 personality registered for level 10
done.
Begin: Running /scripts/init-premount ... done.
Begin: Mounting root file system ... Begin: Running /scripts/local-top ... done.
Begin: Running /scripts/local-premount ... [    4.413285] Btrfs loaded
Scanning for Btrfs filesystems
done.
Warning: fsck not present, so skipping root file system
[    4.447230] EXT4-fs (sda1): INFO: recovery required on readonly filesystem
[    4.449121] EXT4-fs (sda1): write access will be enabled during recovery
[    4.501349] EXT4-fs (sda1): orphan cleanup on readonly fs
[    4.503272] EXT4-fs (sda1): 6 orphan inodes deleted
[    4.504563] EXT4-fs (sda1): recovery complete
[    4.506387] EXT4-fs (sda1): mounted filesystem with ordered data mode. Opts: (null)
done.
Begin: Running /scripts/local-bottom ... done.
Begin: Running /scripts/init-bottom ... done.
[    4.616616] systemd[1]: systemd 229 running in system mode. (+PAM +AUDIT +SELINUX +IMA +APPARMOR +SMACK +SYSVINIT +UTMP +LIBCRYPTSETUP +GCRYPT +GNUTLS +ACL +XZ -LZ4 +SECCOMP +BLKID +ELFUTILS +KMOD -IDN)
[    4.621555] systemd[1]: Detected virtualization oracle.
[    4.622946] systemd[1]: Detected architecture x86-64.

Welcome to [1mUbuntu 16.04.6 LTS[0m!

[    4.628238] systemd[1]: Set hostname to <ubuntu-xenial>.
[    4.827372] systemd[1]: Listening on /dev/initctl Compatibility Named Pipe.
[[0;32m  OK  [0m] Listening on /dev/initctl Compatibility Named Pipe.
[    4.831101] systemd[1]: Reached target User and Group Name Lookups.
[[0;32m  OK  [0m] Reached target User and Group Name Lookups.
[    4.834040] systemd[1]: Listening on Journal Socket.
[[0;32m  OK  [0m] Listening on Journal Socket.
[    4.843730] systemd[1]: Listening on udev Kernel Socket.
[[0;32m  OK  [0m] Listening on udev Kernel Socket.
[    4.846981] systemd[1]: Listening on LVM2 poll daemon socket.
[[0;32m  OK  [0m] Listening on LVM2 poll daemon socket.
[    4.850009] systemd[1]: Reached target Encrypted Volumes.
[[0;32m  OK  [0m] Reached target Encrypted Volumes.
[    4.860305] systemd[1]: Set up automount Arbitrary Executable File Formats File System Automount Point.
[[0;32m  OK  [0m] Set up automount Arbitrary Executab...ats File System Automount Point.
[    4.867177] systemd[1]: Reached target System Time Synchronized.
[[0;32m  OK  [0m] Reached target System Time Synchronized.
[    4.870859] systemd[1]: Created slice System Slice.
[[0;32m  OK  [0m] Created slice System Slice.
[    4.887701] systemd[1]: Mounting Debug File System...
         Mounting Debug File System...
[    4.892532] systemd[1]: Starting Remount Root and Kernel File Systems...
         Starting Remount Root and Kernel File Systems...
[    4.897306] systemd[1]: Starting Set console keymap...
         Starting Set console keymap...
[    4.900473] systemd[1]: Starting Create list of required static device nodes for the current kernel...
         Starting Create list of required st... nodes for the current kernel...
[    4.907176] systemd[1]: Starting Nameserver information manager...
         Starting Nameserver information manager...
[    4.910912] systemd[1]: Starting Uncomplicated firewall...
[    4.912956] EXT4-fs (sda1): re-mounted. Opts: (null)
         Starting Uncomplicated firewall...
[    4.917095] systemd[1]: Created slice system-serial\x2dgetty.slice.
[[0;32m  OK  [0m] Created slice system-serial\x2dgetty.slice.
[    4.922180] systemd[1]: Listening on Journal Audit Socket.
[[0;32m  OK  [0m] Listening on Journal Audit Socket.
[    4.925351] systemd[1]: Reached target Swap.
[[0;32m  OK  [0m] Reached target Swap.
[    4.927881] systemd[1]: Listening on Journal Socket (/dev/log).
[[0;32m  OK  [0m] Listening on Journal Socket (/dev/log).
[    4.930954] systemd[1]: Started Trigger resolvconf update for networkd DNS.
[[0;32m  OK  [0m] Started Trigger resolvconf update for networkd DNS.
[    4.947633] systemd[1]: Mounting Huge Pages File System...
         Mounting Huge Pages File System...
[    4.951123] systemd[1]: Listening on Device-mapper event daemon FIFOs.
[[0;32m  OK  [0m] Listening on Device-mapper event daemon FIFOs.
[    4.954500] systemd[1]: Created slice User and Session Slice.
[[0;32m  OK  [0m] Created slice User and Session Slice.
[    4.959421] systemd[1]: Starting Load Kernel Modules...
         Starting Load Kernel Modules...
[    4.961869] systemd[1]: Listening on LVM2 metadata daemon socket.
[[0;32m  OK  [0m] Listening on LVM2 metadata daemon socket.
[    4.966089] systemd[1]: Started Forward Password Requests to Wall Directory Watch.
[[0;32m  OK  [0m] Started Forward Password Requests to Wall Directory Watch.
[    4.970095] systemd[1]: Listening on Syslog Socket.
[[0;32m  OK  [0m] Listening on Syslog Socket.
[    4.973202] systemd[1]: Starting Monitoring of LVM2 mirrors, snapshots etc. using dmeventd or progress polling...
         Starting Monitoring of LVM2 mirrors... dmeventd or progress polling...
[    4.978803] systemd[1]: Mounting POSIX Message Queue File System...
         Mounting POSIX Message Queue File System...
[    4.983957] systemd[1]: Reached target Slices.
[    4.985640] Loading iSCSI transport class v2.0-870.
[[0;32m  OK  [0m] Reached target Slices.
[    4.988946] systemd[1]: Starting Journal Service...
         Starting Journal Service...
[    4.992335] systemd[1]: Listening on udev Control Socket.
[[0;32m  OK  [0m] Listening on udev Control Socket.
[    4.998861] systemd[1]: Mounted POSIX Message Queue File System.
[[0;32m  OK  [0m] Mounted POSIX Message Queue File System.
[    5.002295] systemd[1]: Mounted Huge Pages File System.
[[0;32m  OK  [0[    5.004562] iscsi: registered transport (tcp)
m] Mounted Huge Pages File System.
[    5.006530] systemd[1]: Mounted Debug File System.
[[0;32m  OK  [0m] Mounted Debug File System.
[    5.011141] systemd[1]: Started Remount Root and Kernel File Systems.
[[0;32m  OK  [0m] Started Remount Root and Kernel File Systems.
[    5.015060] systemd[1]: Started Set console keymap.
[[0;32m  OK  [0m] Started Set console keymap.
[    5.018133] systemd[1]: Started Create list of required static device nodes for the current kernel.
[[0;32m  OK  [0m] Started Create list of required sta...ce nodes for the current kernel.
[    5.031408] systemd[1]: Started Uncomplicated firewall.
[[0;32m  OK  [0m] Started Uncomplicated firewall.
[    5.036351] systemd[1]: Started Journal Service.
[[0;32m  OK  [0m] Started Journal Service.
[[0;32m  OK  [0m] Started Nameserver information manager.
[[0;32m  OK  [0m] Started LVM2 metadata daemon.
         Starting Create Static Device Nodes in /dev...
         Starting Load/Save Random Seed...
         Starting Flush Journal to Persistent Storage...
         Starting udev Coldplug all Devices...
[[0;32m  OK  [0m] Started Load/Save Random Seed.
[    5.065865] random: nonblocking pool is initialized
[    5.070944] systemd-journald[404]: Received request to flush runtime journal from PID 1
[    5.075819] iscsi: registered transport (iser)
[[0;32m  OK  [0m] Started Flush Journal to Persistent Storage.
[[0;32m  OK  [0m] Started Load Kernel Modules.
         Mounting FUSE Control File System...
         Starting Apply Kernel Variables...
[[0;32m  OK  [0m] Mounted FUSE Control File System.
[[0;32m  OK  [0m] Started Create Static Device Nodes in /dev.
         Starting udev Kernel Device Manager...
[[0;32m  OK  [0m] Started Apply Kernel Variables.
[[0;32m  OK  [0m] Started udev Coldplug all Devices.
[[0;32m  OK  [0m] Started udev Kernel Device Manager.
[[0;32m  OK  [0m] Started Dispatch Password Requests to Console Directory Watch.
[[0;32m  OK  [0m] Found device /dev/ttyS0.
[[0;32m  OK  [0m] Listening on Load/Save RF Kill Switch Status /dev/rfkill Watch.
[[0;32m  OK  [0m] Found device 82540EM Gigabit Ethern...r (PRO/1000 MT Desktop Adapter).
[[0;32m  OK  [0m] Started Monitoring of LVM2 mirrors,...ng dmeventd or progress polling.
[[0;32m  OK  [0m] Found device 82540EM Gigabit Ethern...r (PRO/1000 MT Desktop Adapter).
[[0;32m  OK  [0m] Reached target Local File Systems (Pre).
[[0;32m  OK  [0m] Reached target Local File Systems.
         Starting Tell Plymouth To Write Out Runtime Data...
         Starting Set console font and keymap...
         Starting LSB: AppArmor initialization...
         Starting Create Volatile Files and Directories...
         Starting Initial cloud-init job (pre-networking)...
[[0;32m  OK  [0m] Started Tell Plymouth To Write Out Runtime Data.
[[0;32m  OK  [0m] Started Create Volatile Files and Directories.
         Starting Update UTMP about System Boot/Shutdown...
[[0;32m  OK  [0m] Started Update UTMP about System Boot/Shutdown.
[[0;32m  OK  [0m] Started LSB: AppArmor initialization.
[[0;32m  OK  [0m] Started Set console font and keymap.
[[0;32m  OK  [0m] Created slice system-getty.slice.
[    6.249231] cloud-init[710]: Cloud-init v. 19.3-41-gc4735dd3-0ubuntu1~16.04.1 running 'init-local' at Wed, 08 Jan 2020 03:55:16 +0000. Up 6.00 seconds.
[[0;32m  OK  [0m] Started Initial cloud-init job (pre-networking).
[[0;32m  OK  [0m] Reached target Network (Pre).
[[0;32m  OK  [0m] Started ifup for enp0s3.
         Starting Raise network interfaces...
[[0;32m  OK  [0m] Started ifup for enp0s8.
[[0;32m  OK  [0m] Started Raise network interfaces.
[[0;32m  OK  [0m] Reached target Network.
         Starting Initial cloud-init job (metadata service crawler)...
[   10.017428] cloud-init[1152]: Cloud-init v. 19.3-41-gc4735dd3-0ubuntu1~16.04.1 running 'init' at Wed, 08 Jan 2020 03:55:20 +0000. Up 9.78 seconds.
[   10.021210] cloud-init[1152]: ci-info: ++++++++++++++++++++++++++++++++++++++Net device info+++++++++++++++++++++++++++++++++++++++
[   10.025540] cloud-init[1152]: ci-info: +--------+------+-----------------------------+---------------+--------+-------------------+
[   10.036871] cloud-init[1152]: ci-info: | Device |  Up  |           Address           |      Mask     | Scope  |     Hw-Address    |
[   10.040521] cloud-init[1152]: ci-info: +--------+------+-----------------------------+---------------+--------+-------------------+
[   10.044520] cloud-init[1152]: ci-info: | enp0s3 | True |          10.0.2.15          | 255.255.255.0 | global | 02:bc:a8:42:42:bc |
[   10.048647] cloud-init[1152]: ci-info: | enp0s3 | True |  fe80::bc:a8ff:fe42:42bc/64 |       .       |  link  | 02:bc:a8:42:42:bc |
[   10.052493] cloud-init[1152]: ci-info: | enp0s8 | True |        192.168.0.103        | 255.255.255.0 | global | 08:00:27:19:c9:2c |
[   10.055274] cloud-init[1152]: ci-info: | enp0s8 | True | fe80::a00:27ff:fe19:c92c/64 |       .       |  link  | 08:00:27:19:c9:2c |
[   10.064699] cloud-init[1152]: ci-info: |   lo   | True |          127.0.0.1          |   255.0.0.0   |  host  |         .         |
[   10.068608] cloud-init[1152]: ci-info: |   lo   | True |           ::1/128           |       .       |  host  |         .         |
[   10.072703] cloud-init[1152]: ci-info: +--------+------+-----------------------------+---------------+--------+-------------------+
[   10.078038] cloud-init[1152]: ci-info: +++++++++++++++++++++++++++Route IPv4 info++++++++++++++++++++++++++++
[   10.082625] cloud-init[1152]: ci-info: +-------+-------------+----------+---------------+-----------+-------+
[   10.087083] cloud-init[1152]: ci-info: | Route | Destination | Gateway  |    Genmask    | Interface | Flags |
[   10.096904] cloud-init[1152]: ci-info: +-------+-------------+----------+---------------+-----------+-------+
[   10.101362] cloud-init[1152]: ci-info: |   0   |   0.0.0.0   | 10.0.2.2 |    0.0.0.0    |   enp0s3  |   UG  |
[   10.105893] cloud-init[1152]: ci-info: |   1   |   10.0.2.0  | 0.0.0.0  | 255.255.255.0 |   enp0s3  |   U   |
[   10.110277] cloud-init[1152]: ci-info: |   2   | 192.168.0.0 | 0.0.0.0  | 255.255.255.0 |   enp0s8  |   U   |[[0;32m  OK  [0m] Started Initial cloud-init job (metadata service crawler).
[[0;32m  OK  [0m] Reached target Network is Online.

[   10.118869] cloud-init[1152]: ci-info: +-------+-------------+----------+---------------+-----------+-------+
[   10.122445] cloud-init[1152]: ci-info: +++++++++++++++++++Route IPv6 info+++++++++++++++++++
[   10.125598] cloud-init[1152]: ci-info: +-------+-------------+---------+-----------+-------+
[   10.130598]          Starting iSCSI initiator daemon (iscsid)...
[[0;32m  OK  [0m] Reached target Cloud-config availability.
[[0;32m  OK  [0m] Reached target System Initialization.
cloud-init         Starting Docker Socket for the API.
         Starting Socket activation for snappy daemon.
[[0;32m  OK  [0m] Listening on ACPID Listen Socket.
[1152]: ci-info: | Route | Destination | Gateway | Interface | Flags |
[   10.144234] cloud-init[1152]: ci-info: +-------+-------------+---------+-----------+-------+
[   10.148568] [[0;32m  OK  [0m] Started ACPI Events Check.
[[0;32m  OK  [0m] Reached target Paths.
[[0;32m  OK  [0m] Listening on D-Bus System Message Bus Socket.
[[0;32m  OK  [0m] Listening on UUID daemon activation socket.
         Starting LXD - unix socket.
[[0;32m  OK  [0m] Started Message of the Day.
[[0;32m  OK  [0m] Started Daily Cleanup of Temporary Directories.
[[0;32m  OK  [0m] Started Daily apt download activities.
cloud-init[1152]: ci-info: |   0   |  fe80::/64  |    ::   |   enp0s3  |   U   |
[   10.156592] cloud-init[1152]: ci-info: |   1   |  fe80::/64  |    ::   |   enp0s8  |   U   |
[   10.157491] cloud-init[1152]: ci-info: |   6   |   ff00::/8  |    ::   |   enp0s3  |   U   |
[   10.158984] cloud-init[1152]: ci-info: |   7   |   ff00::/8  |    ::   |   enp0s8  |   U   |
[   10.159077] cloud-init[1152]: ci-info: +-------+-------------+---------+-----------+-------+
[[0;32m  OK  [0m] Started Daily apt upgrade and clean activities.
[[0;32m  OK  [0m] Reached target Timers.
[[0;32m  OK  [0m] Listening on Docker Socket for the API.
[[0;32m  OK  [0m] Listening on Socket activation for snappy daemon.
[[0;32m  OK  [0m] Listening on LXD - unix socket.
[[0;32m  OK  [0m] Started iSCSI initiator daemon (iscsid).
         Starting Login to default iSCSI targets...
[[0;32m  OK  [0m] Reached target Sockets.
[[0;32m  OK  [0m] Reached target Basic System.
         Starting Login Service...
         Starting /etc/rc.local Compatibility...
         Starting MySQL Community Server...
         Starting containerd container runtime...
         Starting Accounts Service...
[[0;32m  OK  [0m] Started D-Bus System Message Bus.
[[0;32m  OK  [0m] Started Deferred execution scheduler.
         Starting LSB: ipvsadm daemon...
         Starting LXD - container startup/shutdown...
         Starting LSB: MD monitoring daemon...
[[0;32m  OK  [0m] Started Regular background program processing daemon.
         Starting Virtualbox guest utils...
[[0;32m  OK  [0m] Started ACPI event daemon.
         Starting System Logging Service...
         Starting OpenBSD Secure Shell server...
         Starting Snappy daemon...
[[0;32m  OK  [0m] Started FUSE filesystem for LXC.
         Starting LSB: Record successful boot for GRUB...
[[0;32m  OK  [0m] Started /etc/rc.local Compatibility.
[[0;32m  OK  [0m] Started containerd container runtime.
[[0;32m  OK  [0m] Started System Logging Service.
[[0;32m  OK  [0m] Started LSB: ipvsadm daemon.
[[0;32m  OK  [0m] Started Login Service.
[[0;32m  OK  [0m] Started Login to default iSCSI targets.
[[0;32m  OK  [0m] Reached target Remote File Systems (Pre).
[[0;32m  OK  [0m] Reached target Remote File Systems.
         Starting LSB: Set up cgroupfs mounts....
         Starting LSB: Set the CPU Frequency Scaling governor to "ondemand"...
         Starting LSB: daemon to balance interrupts for SMP systems...
         Starting LSB: automatic crash report generation...
         Starting Permit User Sessions...
[[0;32m  OK  [0m] Started Unattended Upgrades Shutdown.
         Starting Authenticate and Authorize Users to Run Privileged Tasks...
         Starting Docker Application Container Engine...
[[0;32m  OK  [0m] Started LSB: Record successful boot for GRUB.
[[0;32m  OK  [0m] Started LSB: Set up cgroupfs mounts..
[[0;32m  OK  [0m] Started LXD - container startup/shutdown.
[[0;32m  OK  [0m] Started LSB: MD monitoring daemon.
[[0;32m  OK  [0m] Started Permit User Sessions.
[[0;32m  OK  [0m] Started OpenBSD Secure Shell server.
         Starting Terminate Plymouth Boot Screen...
         Starting Hold until boot process finishes up...
[[0;32m  OK  [0m] Started Hold until boot process finishes up.
[[0;32m  OK  [0m] Started Serial Getty on ttyS0.
[[0;32m  OK  [0m] Started Getty on tty1.
[[0;32m  OK  [0m] Reached target Login Prompts.
         Starting Set console scheme...
[[0;32m  OK  [0m] Started LSB: automatic crash report generation.
[[0;32m  OK  [0m] Started LSB: Set the CPU Frequency Scaling governor to "ondemand".
[[0;32m  OK  [0m] Started Terminate Plymouth Boot Screen.
[[0;32m  OK  [0m] Started Set console scheme.
[[0;32m  OK  [0m] Started LSB: daemon to balance interrupts for SMP systems.
[[0;32m  OK  [0m] Started Authenticate and Authorize Users to Run Privileged Tasks.
[[0;32m  OK  [0m] Started Accounts Service.
[[0;32m  OK  [0m] Started Virtualbox guest utils.
[[0;32m  OK  [0m] Started Snappy daemon.
         Starting Wait until snapd is fully seeded...
[[0;32m  OK  [0m] Created slice User Slice of vagrant.
         Starting User Manager for UID 1000...
[[0;32m  OK  [0m] Started Session 1 of user vagrant.
[[0;32m  OK  [0m] Started User Manager for UID 1000.
[[0;32m  OK  [0m] Started Wait until snapd is fully seeded.
         Starting Apply the settings specified in cloud-config...
[   11.777688] cloud-init[1490]: Cloud-init v. 19.3-41-gc4735dd3-0ubuntu1~16.04.1 running 'modules:config' at Wed, 08 Jan 2020 03:55:22 +0000. Up 11.56 seconds.
[[0;32m  OK  [0m] Started Apply the settings specified in cloud-config.
[[0;32m  OK  [0m] Started Docker Application Container Engine.
[[0;32m  OK  [0m] Started MySQL Community Server.
[[0;32m  OK  [0m] Reached target Multi-User System.
         Starting Execute cloud user/final scripts...
[[0;32m  OK  [0m] Reached target Graphical Interface.
         Starting Update UTMP about System Runlevel Changes...
[[0;32m  OK  [0m] Started Update UTMP about System Runlevel Changes.
[   12.941751] cloud-init[1806]: Cloud-init v. 19.3-41-gc4735dd3-0ubuntu1~16.04.1 running 'modules:final' at Wed, 08 Jan 2020 03:55:23 +0000. Up 12.84 seconds.
[   12.944549] cloud-init[1806]: Cloud-init v. 19.3-41-gc4735dd3-0ubuntu1~16.04.1 finished at Wed, 08 Jan 2020 03:55:23 +0000. Datasource DataSourceNoCloud [seed=/dev/sdb][dsmode=net].  Up 12.93 seconds
[[0;32m  OK  [0m] Started Execute cloud user/final scripts.
[[0;32m  OK  [0m] Reached target Cloud-init target.

Ubuntu 16.04.6 LTS ubuntu-xenial ttyS0

ubuntu-xenial login: 