[    0.000000] Initializing cgroup subsys cpuset
[    0.000000] Initializing cgroup subsys cpu
[    0.000000] Initializing cgroup subsys cpuacct
[    0.000000] Linux version 4.4.0-150-generic (buildd@lgw01-amd64-036) (gcc version 5.4.0 20160609 (Ubuntu 5.4.0-6ubuntu1~16.04.10) ) #176-Ubuntu SMP Wed May 29 18:56:26 UTC 2019 (Ubuntu 4.4.0-150.176-generic 4.4.179)
[    0.000000] Command line: BOOT_IMAGE=/boot/vmlinuz-4.4.0-150-generic root=LABEL=cloudimg-rootfs ro console=tty1 console=ttyS0
[    0.000000] KERNEL supported cpus:
[    0.000000]   Intel GenuineIntel
[    0.000000]   AMD AuthenticAMD
[    0.000000]   Centaur CentaurHauls
[    0.000000] x86/fpu: xstate_offset[2]:  576, xstate_sizes[2]:  256
[    0.000000] x86/fpu: Supporting XSAVE feature 0x01: 'x87 floating point registers'
[    0.000000] x86/fpu: Supporting XSAVE feature 0x02: 'SSE registers'
[    0.000000] x86/fpu: Supporting XSAVE feature 0x04: 'AVX registers'
[    0.000000] x86/fpu: Enabled xstate features 0x7, context size is 832 bytes, using 'standard' format.
[    0.000000] e820: BIOS-provided physical RAM map:
[    0.000000] BIOS-e820: [mem 0x0000000000000000-0x000000000009fbff] usable
[    0.000000] BIOS-e820: [mem 0x000000000009fc00-0x000000000009ffff] reserved
[    0.000000] BIOS-e820: [mem 0x00000000000f0000-0x00000000000fffff] reserved
[    0.000000] BIOS-e820: [mem 0x0000000000100000-0x000000003ffeffff] usable
[    0.000000] BIOS-e820: [mem 0x000000003fff0000-0x000000003fffffff] ACPI data
[    0.000000] BIOS-e820: [mem 0x00000000fec00000-0x00000000fec00fff] reserved
[    0.000000] BIOS-e820: [mem 0x00000000fee00000-0x00000000fee00fff] reserved
[    0.000000] BIOS-e820: [mem 0x00000000fffc0000-0x00000000ffffffff] reserved
[    0.000000] NX (Execute Disable) protection: active
[    0.000000] SMBIOS 2.5 present.
[    0.000000] Hypervisor detected: KVM
[    0.000000] e820: last_pfn = 0x3fff0 max_arch_pfn = 0x400000000
[    0.000000] MTRR: Disabled
[    0.000000] x86/PAT: MTRRs disabled, skipping PAT initialization too.
[    0.000000] CPU MTRRs all blank - virtualized system.
[    0.000000] x86/PAT: Configuration [0-7]: WB  WT  UC- UC  WB  WT  UC- UC  
[    0.000000] found SMP MP-table at [mem 0x0009fff0-0x0009ffff] mapped at [ffff88000009fff0]
[    0.000000] Scanning 1 areas for low memory corruption
[    0.000000] RAMDISK: [mem 0x362f8000-0x37173fff]
[    0.000000] ACPI: Early table checksum verification disabled
[    0.000000] ACPI: RSDP 0x00000000000E0000 000024 (v02 VBOX  )
[    0.000000] ACPI: XSDT 0x000000003FFF0030 00003C (v01 VBOX   VBOXXSDT 00000001 ASL  00000061)
[    0.000000] ACPI: FACP 0x000000003FFF00F0 0000F4 (v04 VBOX   VBOXFACP 00000001 ASL  00000061)
[    0.000000] ACPI: DSDT 0x000000003FFF0470 0022EA (v02 VBOX   VBOXBIOS 00000002 INTL 20100528)
[    0.000000] ACPI: FACS 0x000000003FFF0200 000040
[    0.000000] ACPI: FACS 0x000000003FFF0200 000040
[    0.000000] ACPI: APIC 0x000000003FFF0240 00005C (v02 VBOX   VBOXAPIC 00000001 ASL  00000061)
[    0.000000] ACPI: SSDT 0x000000003FFF02A0 0001CC (v01 VBOX   VBOXCPUT 00000002 INTL 20100528)
[    0.000000] No NUMA configuration found
[    0.000000] Faking a node at [mem 0x0000000000000000-0x000000003ffeffff]
[    0.000000] NODE_DATA(0) allocated [mem 0x3ffeb000-0x3ffeffff]
[    0.000000] kvm-clock: Using msrs 4b564d01 and 4b564d00
[    0.000000] kvm-clock: cpu 0, msr 0:3ffe3001, primary cpu clock
[    0.000000] kvm-clock: using sched offset of 3349897430 cycles
[    0.000000] clocksource: kvm-clock: mask: 0xffffffffffffffff max_cycles: 0x1cd42e4dffb, max_idle_ns: 881590591483 ns
[    0.000000] Zone ranges:
[    0.000000]   DMA      [mem 0x0000000000001000-0x0000000000ffffff]
[    0.000000]   DMA32    [mem 0x0000000001000000-0x000000003ffeffff]
[    0.000000]   Normal   empty
[    0.000000]   Device   empty
[    0.000000] Movable zone start for each node
[    0.000000] Early memory node ranges
[    0.000000]   node   0: [mem 0x0000000000001000-0x000000000009efff]
[    0.000000]   node   0: [mem 0x0000000000100000-0x000000003ffeffff]
[    0.000000] Initmem setup node 0 [mem 0x0000000000001000-0x000000003ffeffff]
[    0.000000] ACPI: PM-Timer IO Port: 0x4008
[    0.000000] IOAPIC[0]: apic_id 2, version 32, address 0xfec00000, GSI 0-23
[    0.000000] ACPI: INT_SRC_OVR (bus 0 bus_irq 0 global_irq 2 dfl dfl)
[    0.000000] ACPI: INT_SRC_OVR (bus 0 bus_irq 9 global_irq 9 low level)
[    0.000000] Using ACPI (MADT) for SMP configuration information
[    0.000000] smpboot: Allowing 2 CPUs, 0 hotplug CPUs
[    0.000000] PM: Registered nosave memory: [mem 0x00000000-0x00000fff]
[    0.000000] PM: Registered nosave memory: [mem 0x0009f000-0x0009ffff]
[    0.000000] PM: Registered nosave memory: [mem 0x000a0000-0x000effff]
[    0.000000] PM: Registered nosave memory: [mem 0x000f0000-0x000fffff]
[    0.000000] e820: [mem 0x40000000-0xfebfffff] available for PCI devices
[    0.000000] Booting paravirtualized kernel on KVM
[    0.000000] clocksource: refined-jiffies: mask: 0xffffffff max_cycles: 0xffffffff, max_idle_ns: 7645519600211568 ns
[    0.000000] setup_percpu: NR_CPUS:512 nr_cpumask_bits:512 nr_cpu_ids:2 nr_node_ids:1
[    0.000000] PERCPU: Embedded 34 pages/cpu @ffff88003fc00000 s99480 r8192 d31592 u1048576
[    0.000000] Built 1 zonelists in Node order, mobility grouping on.  Total pages: 257912
[    0.000000] Policy zone: DMA32
[    0.000000] Kernel command line: BOOT_IMAGE=/boot/vmlinuz-4.4.0-150-generic root=LABEL=cloudimg-rootfs ro console=tty1 console=ttyS0
[    0.000000] PID hash table entries: 4096 (order: 3, 32768 bytes)
[    0.000000] Memory: 997728K/1048120K available (8613K kernel code, 1335K rwdata, 4028K rodata, 1484K init, 1284K bss, 50392K reserved, 0K cma-reserved)
[    0.000000] SLUB: HWalign=64, Order=0-3, MinObjects=0, CPUs=2, Nodes=1
[    0.000000] Kernel/User page tables isolation: enabled
[    0.000000] Hierarchical RCU implementation.
[    0.000000] 	Build-time adjustment of leaf fanout to 64.
[    0.000000] 	RCU restricting CPUs from NR_CPUS=512 to nr_cpu_ids=2.
[    0.000000] RCU: Adjusting geometry for rcu_fanout_leaf=64, nr_cpu_ids=2
[    0.000000] NR_IRQS:33024 nr_irqs:440 16
[    0.000000] Console: colour VGA+ 80x25
[    0.000000] console [tty1] enabled
[    0.000000] console [ttyS0] enabled
[    0.000000] tsc: Detected 2904.000 MHz processor
[    0.164284] Calibrating delay loop (skipped) preset value.. 5808.00 BogoMIPS (lpj=11616000)
[    0.167711] pid_max: default: 32768 minimum: 301
[    0.169647] ACPI: Core revision 20150930
[    0.172276] ACPI: 2 ACPI AML tables successfully acquired and loaded
[    0.174525] Security Framework initialized
[    0.176010] Yama: becoming mindful.
[    0.177357] AppArmor: AppArmor initialized
[    0.178709] Dentry cache hash table entries: 131072 (order: 8, 1048576 bytes)
[    0.182359] Inode-cache hash table entries: 65536 (order: 7, 524288 bytes)
[    0.184689] Mount-cache hash table entries: 2048 (order: 2, 16384 bytes)
[    0.186270] Mountpoint-cache hash table entries: 2048 (order: 2, 16384 bytes)
[    0.189020] Initializing cgroup subsys io
[    0.190427] Initializing cgroup subsys memory
[    0.191747] Initializing cgroup subsys devices
[    0.192856] Initializing cgroup subsys freezer
[    0.194022] Initializing cgroup subsys net_cls
[    0.195518] Initializing cgroup subsys perf_event
[    0.196986] Initializing cgroup subsys net_prio
[    0.198425] Initializing cgroup subsys hugetlb
[    0.199830] Initializing cgroup subsys pids
[    0.202275] mce: CPU supports 0 MCE banks
[    0.203561] Last level iTLB entries: 4KB 64, 2MB 8, 4MB 8
[    0.205361] Last level dTLB entries: 4KB 64, 2MB 0, 4MB 0, 1GB 4
[    0.207213] Spectre V2 : Mitigation: Full generic retpoline
[    0.208899] Spectre V2 : Spectre v2 / SpectreRSB mitigation: Filling RSB on context switch
[    0.211744] Speculative Store Bypass: Vulnerable
[    0.213392] MDS: Vulnerable: Clear CPU buffers attempted, no microcode
[    0.218314] Freeing SMP alternatives memory: 36K
[    0.225879] ftrace: allocating 32298 entries in 127 pages
[    0.285767] smpboot: APIC(0) Converting physical 0 to logical package 0
[    0.288114] smpboot: Max logical packages: 1
[    0.289570] x2apic enabled
[    0.290568] Switched APIC routing to physical x2apic.
[    0.292875] ..TIMER: vector=0x30 apic1=0 pin1=2 apic2=-1 pin2=-1
[    0.399786] smpboot: CPU0: Intel(R) Core(TM) i7-7820HQ CPU @ 2.90GHz (family: 0x6, model: 0x9e, stepping: 0x9)
[    0.404886] Performance Events: unsupported p6 CPU model 158 no PMU driver, software events only.
[    0.416394] KVM setup paravirtual spinlock
[    0.419417] x86: Booting SMP configuration:
[    0.421454] .... node  #0, CPUs:      #1
[    0.423163] kvm-clock: cpu 1, msr 0:3ffe3041, secondary cpu clock
[    0.425832] mce: CPU supports 0 MCE banks
[    0.428697] x86: Booted up 1 node, 2 CPUs
[    0.430048] smpboot: Total of 2 processors activated (11616.00 BogoMIPS)
[    0.431870] devtmpfs: initialized
[    0.434255] evm: security.selinux
[    0.435067] evm: security.SMACK64
[    0.435874] evm: security.SMACK64EXEC
[    0.436772] evm: security.SMACK64TRANSMUTE
[    0.437803] evm: security.SMACK64MMAP
[    0.438927] evm: security.ima
[    0.439705] evm: security.capability
[    0.440733] clocksource: jiffies: mask: 0xffffffff max_cycles: 0xffffffff, max_idle_ns: 7645041785100000 ns
[    0.442986] futex hash table entries: 512 (order: 3, 32768 bytes)
[    0.444468] pinctrl core: initialized pinctrl subsystem
[    0.445793] RTC time:  6:40:27, date: 06/17/19
[    0.446948] NET: Registered protocol family 16
[    0.460365] cpuidle: using governor ladder
[    0.472613] cpuidle: using governor menu
[    0.474842] PCCT header not found.
[    0.476565] ACPI: bus type PCI registered
[    0.477907] acpiphp: ACPI Hot Plug PCI Controller Driver version: 0.5
[    0.479615] PCI: Using configuration type 1 for base access
[    0.493541] ACPI: Added _OSI(Module Device)
[    0.495506] ACPI: Added _OSI(Processor Device)
[    0.496914] ACPI: Added _OSI(3.0 _SCP Extensions)
[    0.498255] ACPI: Added _OSI(Processor Aggregator Device)
[    0.500600] ACPI: Executed 1 blocks of module-level executable AML code
[    0.504271] ACPI: Interpreter enabled
[    0.505496] ACPI: (supports S0 S5)
[    0.506350] ACPI: Using IOAPIC for interrupt routing
[    0.507647] PCI: Using host bridge windows from ACPI; if necessary, use "pci=nocrs" and report a bug
[    0.513533] ACPI: PCI Root Bridge [PCI0] (domain 0000 [bus 00-ff])
[    0.515350] acpi PNP0A03:00: _OSC: OS supports [ASPM ClockPM Segments MSI]
[    0.517339] acpi PNP0A03:00: _OSC: not requesting OS control; OS requires [ExtendedConfig ASPM ClockPM MSI]
[    0.519696] acpi PNP0A03:00: fail to add MMCONFIG information, can't access extended PCI configuration space under this bridge.
[    0.522799] PCI host bridge to bus 0000:00
[    0.523754] pci_bus 0000:00: root bus resource [io  0x0000-0x0cf7 window]
[    0.525397] pci_bus 0000:00: root bus resource [io  0x0d00-0xffff window]
[    0.526856] pci_bus 0000:00: root bus resource [mem 0x000a0000-0x000bffff window]
[    0.528953] pci_bus 0000:00: root bus resource [mem 0x40000000-0xfdffffff window]
[    0.530735] pci_bus 0000:00: root bus resource [bus 00-ff]
[    0.534373] pci 0000:00:01.1: legacy IDE quirk: reg 0x10: [io  0x01f0-0x01f7]
[    0.536289] pci 0000:00:01.1: legacy IDE quirk: reg 0x14: [io  0x03f6]
[    0.537711] pci 0000:00:01.1: legacy IDE quirk: reg 0x18: [io  0x0170-0x0177]
[    0.539224] pci 0000:00:01.1: legacy IDE quirk: reg 0x1c: [io  0x0376]
[    0.552984] pci 0000:00:07.0: quirk: [io  0x4000-0x403f] claimed by PIIX4 ACPI
[    0.564344] pci 0000:00:07.0: quirk: [io  0x4100-0x410f] claimed by PIIX4 SMB
[    0.577404] ACPI: PCI Interrupt Link [LNKA] (IRQs 5 9 10 *11)
[    0.579891] ACPI: PCI Interrupt Link [LNKB] (IRQs 5 9 *10 11)
[    0.581625] ACPI: PCI Interrupt Link [LNKC] (IRQs 5 *9 10 11)
[    0.583342] ACPI: PCI Interrupt Link [LNKD] (IRQs 5 9 10 *11)
[    0.585149] ACPI: Enabled 2 GPEs in block 00 to 07
[    0.586616] vgaarb: setting as boot device: PCI:0000:00:02.0
[    0.588004] vgaarb: device added: PCI:0000:00:02.0,decodes=io+mem,owns=io+mem,locks=none
[    0.589933] vgaarb: loaded
[    0.590637] vgaarb: bridge control possible 0000:00:02.0
[    0.592014] SCSI subsystem initialized
[    0.593081] ACPI: bus type USB registered
[    0.594032] usbcore: registered new interface driver usbfs
[    0.595238] usbcore: registered new interface driver hub
[    0.596472] usbcore: registered new device driver usb
[    0.597988] PCI: Using ACPI for IRQ routing
[    0.599413] NetLabel: Initializing
[    0.601036] NetLabel:  domain hash size = 128
[    0.602559] NetLabel:  protocols = UNLABELED CIPSOv4
[    0.605371] NetLabel:  unlabeled traffic allowed by default
[    0.606719] amd_nb: Cannot enumerate AMD northbridges
[    0.607911] clocksource: Switched to clocksource kvm-clock
[    0.617001] AppArmor: AppArmor Filesystem Enabled
[    0.618732] pnp: PnP ACPI init
[    0.620916] pnp: PnP ACPI: found 3 devices
[    0.630645] clocksource: acpi_pm: mask: 0xffffff max_cycles: 0xffffff, max_idle_ns: 2085701024 ns
[    0.633362] NET: Registered protocol family 2
[    0.634523] TCP established hash table entries: 8192 (order: 4, 65536 bytes)
[    0.636041] TCP bind hash table entries: 8192 (order: 5, 131072 bytes)
[    0.637802] TCP: Hash tables configured (established 8192 bind 8192)
[    0.639185] UDP hash table entries: 512 (order: 2, 16384 bytes)
[    0.640480] UDP-Lite hash table entries: 512 (order: 2, 16384 bytes)
[    0.641924] NET: Registered protocol family 1
[    0.643272] pci 0000:00:00.0: Limiting direct PCI/PCI transfers
[    0.644762] pci 0000:00:01.0: Activating ISA DMA hang workarounds
[    0.646491] Unpacking initramfs...
[    0.843419] Freeing initrd memory: 14832K
[    0.845821] clocksource: tsc: mask: 0xffffffffffffffff max_cycles: 0x29dc05e54fc, max_idle_ns: 440795291716 ns
[    0.850705] platform rtc_cmos: registered platform RTC device (no PNP device found)
[    0.853416] Scanning for low memory corruption every 60 seconds
[    0.855201] audit: initializing netlink subsys (disabled)
[    0.856523] audit: type=2000 audit(1560753632.450:1): initialized
[    0.858114] Initialise system trusted keyring
[    0.859577] HugeTLB registered 2 MB page size, pre-allocated 0 pages
[    0.862146] zbud: loaded
[    0.863206] VFS: Disk quotas dquot_6.6.0
[    0.864200] VFS: Dquot-cache hash table entries: 512 (order 0, 4096 bytes)
[    0.866206] squashfs: version 4.0 (2009/01/31) Phillip Lougher
[    0.867826] fuse init (API version 7.23)
[    0.869224] Key type big_key registered
[    0.870156] Allocating IMA MOK and blacklist keyrings.
[    0.872284] Key type asymmetric registered
[    0.873242] Asymmetric key parser 'x509' registered
[    0.874360] Block layer SCSI generic (bsg) driver version 0.4 loaded (major 249)
[    0.876250] io scheduler noop registered
[    0.877187] io scheduler deadline registered (default)
[    0.878383] io scheduler cfq registered
[    0.879572] pci_hotplug: PCI Hot Plug PCI Core version: 0.5
[    0.881050] pciehp: PCI Express Hot Plug Controller Driver version: 0.4
[    0.882866] ACPI: AC Adapter [AC] (off-line)
[    0.883944] input: Power Button as /devices/LNXSYSTM:00/LNXPWRBN:00/input/input0
[    0.885845] ACPI: Power Button [PWRF]
[    0.886891] input: Sleep Button as /devices/LNXSYSTM:00/LNXSLPBN:00/input/input1
[    0.888806] ACPI: Sleep Button [SLPF]
[    0.889937] GHES: HEST is not enabled!
[    0.890961] ACPI: Battery Slot [BAT0] (battery present)
[    0.892526] Serial: 8250/16550 driver, 32 ports, IRQ sharing enabled
[    0.914680] 00:02: ttyS0 at I/O 0x3f8 (irq = 4, base_baud = 115200) is a 16550A
[    0.920258] Linux agpgart interface v0.103
[    0.922830] loop: module loaded
[    0.924157] scsi host0: ata_piix
[    0.925064] scsi host1: ata_piix
[    0.926053] ata1: PATA max UDMA/33 cmd 0x1f0 ctl 0x3f6 bmdma 0xd000 irq 14
[    0.927500] ata2: PATA max UDMA/33 cmd 0x170 ctl 0x376 bmdma 0xd008 irq 15
[    0.929176] libphy: Fixed MDIO Bus: probed
[    0.930353] tun: Universal TUN/TAP device driver, 1.6
[    0.931763] tun: (C) 1999-2004 Max Krasnyansky <maxk@qualcomm.com>
[    0.933643] PPP generic driver version 2.4.2
[    0.934823] ehci_hcd: USB 2.0 'Enhanced' Host Controller (EHCI) Driver
[    0.936286] ehci-pci: EHCI PCI platform driver
[    0.937336] ehci-platform: EHCI generic platform driver
[    0.938785] ohci_hcd: USB 1.1 'Open' Host Controller (OHCI) Driver
[    0.940262] ohci-pci: OHCI PCI platform driver
[    0.941334] ohci-platform: OHCI generic platform driver
[    0.942505] uhci_hcd: USB Universal Host Controller Interface driver
[    0.943927] i8042: PNP: PS/2 Controller [PNP0303:PS2K,PNP0f03:PS2M] at 0x60,0x64 irq 1,12
[    0.946369] serio: i8042 KBD port at 0x60,0x64 irq 1
[    0.947512] serio: i8042 AUX port at 0x60,0x64 irq 12
[    0.949060] mousedev: PS/2 mouse device common for all mice
[    0.950596] input: AT Translated Set 2 keyboard as /devices/platform/i8042/serio0/input/input2
[    0.953113] rtc_cmos rtc_cmos: rtc core: registered rtc_cmos as rtc0
[    0.954623] rtc_cmos rtc_cmos: alarms up to one day, 114 bytes nvram
[    0.956474] i2c /dev entries driver
[    0.957524] device-mapper: uevent: version 1.0.3
[    0.958673] device-mapper: ioctl: 4.34.0-ioctl (2015-10-28) initialised: dm-devel@redhat.com
[    0.960639] ledtrig-cpu: registered to indicate activity on CPUs
[    0.962244] NET: Registered protocol family 10
[    0.963423] NET: Registered protocol family 17
[    0.964489] Key type dns_resolver registered
[    0.965810] registered taskstats version 1
[    0.966800] Loading compiled-in X.509 certificates
[    0.968367] Loaded X.509 cert 'Build time autogenerated kernel key: a7915d3ef14e82ec7978a6e44664328aa121e7a5'
[    0.970757] zswap: loaded using pool lzo/zbud
[    0.973280] Key type trusted registered
[    0.976951] Key type encrypted registered
[    0.978147] AppArmor: AppArmor sha1 policy hashing enabled
[    0.980078] ima: No TPM chip found, activating TPM-bypass!
[    0.981578] ima: Allocated hash algorithm: sha1
[    0.982622] evm: HMAC attrs: 0x1
[    0.983902]   Magic number: 7:45:671
[    0.985146] rtc_cmos rtc_cmos: setting system clock to 2019-06-17 06:40:28 UTC (1560753628)
[    0.987283] BIOS EDD facility v0.16 2004-Jun-25, 0 devices found
[    0.988875] EDD information not available.
[    1.086161] Freeing unused kernel memory: 1484K
[    1.088603] Write protecting the kernel read-only data: 14336k
[    1.091142] Freeing unused kernel memory: 1616K
[    1.092723] Freeing unused kernel memory: 68K
Loading, please wait...
starting version 229
[    1.105726] random: systemd-udevd: uninitialized urandom read (16 bytes read, 3 bits of entropy available)
[    1.108542] random: systemd-udevd: uninitialized urandom read (16 bytes read, 3 bits of entropy available)
[    1.109032] random: udevadm: uninitialized urandom read (16 bytes read, 3 bits of entropy available)
[    1.109046] random: udevadm: uninitialized urandom read (16 bytes read, 3 bits of entropy available)
[    1.116101] random: systemd-udevd: uninitialized urandom read (16 bytes read, 3 bits of entropy available)
[    1.116803] random: udevadm: uninitialized urandom read (16 bytes read, 3 bits of entropy available)
[    1.116836] random: udevadm: uninitialized urandom read (16 bytes read, 3 bits of entropy available)
[    1.116938] random: udevadm: uninitialized urandom read (16 bytes read, 3 bits of entropy available)
[    1.116975] random: udevadm: uninitialized urandom read (16 bytes read, 3 bits of entropy available)
[    1.117014] random: udevadm: uninitialized urandom read (16 bytes read, 3 bits of entropy available)
[    1.155311] e1000: Intel(R) PRO/1000 Network Driver - version 7.3.21-k8-NAPI
[    1.158035] e1000: Copyright (c) 1999-2006 Intel Corporation.
[    1.158071] Fusion MPT base driver 3.04.20
[    1.158072] Copyright (c) 1999-2008 LSI Corporation
[    1.180543] AVX2 version of gcm_enc/dec engaged.
[    1.182272] AES CTR mode by8 optimization enabled
[    1.194004] Fusion MPT SPI Host driver 3.04.20
[    1.371933] input: ImExPS/2 Generic Explorer Mouse as /devices/platform/i8042/serio1/input/input4
[    1.552900] e1000 0000:00:03.0 eth0: (PCI:33MHz:32-bit) 02:bc:a8:42:42:bc
[    1.555134] e1000 0000:00:03.0 eth0: Intel(R) PRO/1000 Network Connection
[    1.941670] e1000 0000:00:08.0 eth1: (PCI:33MHz:32-bit) 08:00:27:25:e5:b4
[    1.944133] e1000 0000:00:08.0 eth1: Intel(R) PRO/1000 Network Connection
[    2.654929] e1000 0000:00:09.0 eth2: (PCI:33MHz:32-bit) 08:00:27:96:e8:d0
[    2.657337] e1000 0000:00:09.0 eth2: Intel(R) PRO/1000 Network Connection
[    2.660897] e1000 0000:00:03.0 enp0s3: renamed from eth0
[    2.663465] mptbase: ioc0: Initiating bringup
[    2.668557] e1000 0000:00:08.0 enp0s8: renamed from eth1
[    2.681072] e1000 0000:00:09.0 enp0s9: renamed from eth2
[    2.744501] ioc0: LSI53C1030 A0: Capabilities={Initiator}
[    2.911064] scsi host2: ioc0: LSI53C1030 A0, FwRev=00000000h, Ports=1, MaxQ=256, IRQ=20
[    3.025357] scsi 2:0:0:0: Direct-Access     VBOX     HARDDISK         1.0  PQ: 0 ANSI: 5
[    3.029391] scsi target2:0:0: Beginning Domain Validation
[    3.031816] scsi target2:0:0: Domain Validation skipping write tests
[    3.033578] scsi target2:0:0: Ending Domain Validation
[    3.035017] scsi target2:0:0: asynchronous
[    3.036672] scsi 2:0:1:0: Direct-Access     VBOX     HARDDISK         1.0  PQ: 0 ANSI: 5
[    3.047546] scsi target2:0:1: Beginning Domain Validation
[    3.050437] scsi target2:0:1: Domain Validation skipping write tests
[    3.051871] scsi target2:0:1: Ending Domain Validation
[    3.053086] scsi target2:0:1: asynchronous
[    3.059156] sd 2:0:0:0: [sda] 20971520 512-byte logical blocks: (10.7 GB/10.0 GiB)
[    3.059380] sd 2:0:0:0: Attached scsi generic sg0 type 0
[    3.062516] sd 2:0:0:0: [sda] Write Protect is off
[    3.062656] sd 2:0:1:0: Attached scsi generic sg1 type 0
[    3.063972] sd 2:0:1:0: [sdb] 20480 512-byte logical blocks: (10.5 MB/10.0 MiB)
[    3.064327] sd 2:0:1:0: [sdb] Write Protect is off
[    3.064512] sd 2:0:1:0: [sdb] Incomplete mode parameter data
[    3.064514] sd 2:0:1:0: [sdb] Assuming drive cache: write through
[    3.066418] sd 2:0:1:0: [sdb] Attached SCSI disk
[    3.072428] sd 2:0:0:0: [sda] Incomplete mode parameter data
[    3.073695] sd 2:0:0:0: [sda] Assuming drive cache: write through
[    3.076172]  sda: sda1
[    3.077375] sd 2:0:0:0: [sda] Attached SCSI disk
Begin: Loading essential drivers ... [    4.370246] md: linear personality registered for level -1
[    4.375185] md: multipath personality registered for level -4
[    4.379885] md: raid0 personality registered for level 0
[    4.385225] md: raid1 personality registered for level 1
[    4.460029] raid6: sse2x1   gen() 11566 MB/s
[    4.528184] raid6: sse2x1   xor()  8618 MB/s
[    4.596326] raid6: sse2x2   gen() 14887 MB/s
[    4.664305] raid6: sse2x2   xor() 10183 MB/s
[    4.732012] raid6: sse2x4   gen() 15188 MB/s
[    4.800023] raid6: sse2x4   xor() 11131 MB/s
[    4.868193] raid6: avx2x1   gen() 23005 MB/s
[    4.935955] raid6: avx2x2   gen() 25764 MB/s
[    5.004357] raid6: avx2x4   gen() 28020 MB/s
[    5.006037] raid6: using algorithm avx2x4 gen() 28020 MB/s
[    5.007449] raid6: using avx2x2 recovery algorithm
[    5.009729] xor: automatically using best checksumming function:
[    5.048026]    avx       : 29933.000 MB/sec
[    5.051072] async_tx: api initialized (async)
[    5.062202] md: raid6 personality registered for level 6
[    5.064002] md: raid5 personality registered for level 5
[    5.065476] md: raid4 personality registered for level 4
[    5.072395] md: raid10 personality registered for level 10
done.
Begin: Running /scripts/init-premount ... done.
Begin: Mounting root file system ... Begin: Running /scripts/local-top ... done.
Begin: Running /scripts/local-premount ... [    5.099130] Btrfs loaded
Scanning for Btrfs filesystems
done.
Warning: fsck not present, so skipping root file system
[    5.120124] EXT4-fs (sda1): mounted filesystem with ordered data mode. Opts: (null)
done.
Begin: Running /scripts/local-bottom ... done.
Begin: Running /scripts/init-bottom ... done.
[    5.171389] systemd[1]: systemd 229 running in system mode. (+PAM +AUDIT +SELINUX +IMA +APPARMOR +SMACK +SYSVINIT +UTMP +LIBCRYPTSETUP +GCRYPT +GNUTLS +ACL +XZ -LZ4 +SECCOMP +BLKID +ELFUTILS +KMOD -IDN)
[    5.175802] systemd[1]: Detected virtualization oracle.
[    5.177799] systemd[1]: Detected architecture x86-64.

Welcome to [1mUbuntu 16.04.6 LTS[0m!

[    5.181931] systemd[1]: Set hostname to <ubuntu>.
[    5.185203] systemd[1]: Initializing machine ID from random generator.
[    5.186640] systemd[1]: Installed transient /etc/machine-id file.
[    5.268041] systemd[1]: Reached target Swap.
[[0;32m  OK  [0m] Reached target Swap.
[    5.270410] systemd[1]: Started Trigger resolvconf update for networkd DNS.
[[0;32m  OK  [0m] Started Trigger resolvconf update for networkd DNS.
[    5.273286] systemd[1]: Listening on udev Kernel Socket.
[[0;32m  OK  [0m] Listening on udev Kernel Socket.
[    5.275603] systemd[1]: Listening on LVM2 poll daemon socket.
[[0;32m  OK  [0m] Listening on LVM2 poll daemon socket.
[    5.278444] systemd[1]: Created slice User and Session Slice.
[[0;32m  OK  [0m] Created slice User and Session Slice.
[    5.281032] systemd[1]: Listening on Syslog Socket.
[[0;32m  OK  [0m] Listening on Syslog Socket.
[    5.283718] systemd[1]: Set up automount Arbitrary Executable File Formats File System Automount Point.
[[0;32m  OK  [0m] Set up automount Arbitrary Executab...ats File System Automount Point.
[    5.288373] systemd[1]: Listening on Journal Audit Socket.
[[0;32m  OK  [0m] Listening on Journal Audit Socket.
[    5.291614] systemd[1]: Listening on Device-mapper event daemon FIFOs.
[[0;32m  OK  [0m] Listening on Device-mapper event daemon FIFOs.
[    5.294911] systemd[1]: Listening on /dev/initctl Compatibility Named Pipe.
[[0;32m  OK  [0m] Listening on /dev/initctl Compatibility Named Pipe.
[    5.297808] systemd[1]: Listening on udev Control Socket.
[[0;32m  OK  [0m] Listening on udev Control Socket.
[    5.300150] systemd[1]: Reached target System Time Synchronized.
[[0;32m  OK  [0m] Reached target System Time Synchronized.
[    5.302747] systemd[1]: Listening on Journal Socket.
[[0;32m  OK  [0m] Listening on Journal Socket.
[    5.305302] systemd[1]: Created slice System Slice.
[[0;32m  OK  [0m] Created slice System Slice.
[    5.316997] systemd[1]: Starting Uncomplicated firewall...
         Starting Uncomplicated firewall...
[    5.328972] systemd[1]: Created slice system-serial\x2dgetty.slice.
[[0;32m  OK  [0m] Created slice system-serial\x2dgetty.slice.
[    5.332962] systemd[1]: Starting Create list of required static device nodes for the current kernel...
         Starting Create list of required st... nodes for the current kernel...
[    5.338493] systemd[1]: Starting Nameserver information manager...
         Starting Nameserver information manager...
[    5.341334] systemd[1]: Mounting POSIX Message Queue File System...
         Mounting POSIX Message Queue File System...
[    5.344593] systemd[1]: Mounting Debug File System...
         Mounting Debug File System...
[    5.347101] systemd[1]: Starting Remount Root and Kernel File Systems...
         Starting Remount Root and Kernel File Systems...
[    5.351072] EXT4-fs (sda1): re-mounted. Opts: (null)
[    5.353101] systemd[1]: Starting Load Kernel Modules...
         Starting Load Kernel Modules...
[    5.355261] systemd[1]: Listening on Journal Socket (/dev/log).
[[0;32m  OK  [0m] Listening on Journal Socket (/dev/log).
[    5.358278] systemd[1]: Starting Journal Service...
         Starting Journal Service...
[    5.363502] systemd[1]: Starting Set console keymap...
         Starting Set console keymap...
[    5.369677] systemd[1]: Reached target Encrypted Volumes.
[[0;32m  OK  [0m] Reached target Encrypted Volumes.
[    5.373254] systemd[1]: Listening on LVM2 metadata daemon socket.
[[0;32m  OK  [0m] Listening on LVM2 metadata daemon socket.
[    5.379534] Loading iSCSI transport class v2.0-870.
[    5.391296] iscsi: registered transport (tcp)
[    5.393097] systemd[1]: Starting Monitoring of LVM2 mirrors, snapshots etc. using dmeventd or progress polling...
         Starting Monitoring of LVM2 mirrors... dmeventd or progress polling...
[    5.398395] systemd[1]: Reached target Slices.
[[0;32m  OK  [0m] Reached target Slices.
[    5.403969] systemd[1]: Reached target User and Group Name Lookups.
[[0;32m  OK  [0m] Reached target User and Group Name Lookups.
[    5.408305] systemd[1]: Started Forward Password Requests to Wall Directory Watch.
[[0;32m  OK  [0m] Started Forward Password Requests to Wall Directory Watch.
[    5.412863] systemd[1]: Mounting Huge Pages File System...
         Mounting Huge Pages File System...
[    5.416935] systemd[1]: Mounted POSIX Message Queue File System.
[[0;32m  OK  [0m] Mounted POSIX Message Queue File System.
[    5.420980] systemd[1]: Mounted Huge Pages File System.
[[0;32m  OK  [0m] Mounted Huge Pages File System.
[    5.423914] systemd[1]: Mounted Debug File System.
[[0;32m  OK  [0m] Mounted Debug File System.
[    5.428715] systemd[1]: Started Journal Service.
[[0;32m  OK  [0m] Started Journal Service.
[[0;32m  OK  [0m] Started Uncomplicated firewall.
[[0;32m  OK  [0m] Started Create list of required sta...ce nodes for the current kernel.
[    5.436505] iscsi: registered transport (iser)
[[0;32m  OK  [0m] Started Remount Root and Kernel File Systems.
[[0;32m  OK  [0m] Started Load Kernel Modules.
[[0;32m  OK  [0m] Started Set console keymap.
[[0;32m  OK  [0m] Started Nameserver information manager.
[[0;32m  OK  [0m] Started LVM2 metadata daemon.
         Mounting FUSE Control File System...
         Starting Apply Kernel Variables...
         Starting Load/Save Random Seed...
         Starting udev Coldplug all Devices...
         Starting Create Static Device Nodes in /dev...
         Starting Flush Journal to Persistent Storage...
[[0;32m  OK  [0m] Mounted FUSE Control File System.
[[0;32m  OK  [0m] Started Apply Kernel Variables.
[[0;32m  OK  [0m] Started Load/Save Random Seed.
[[0;32m  OK  [0m] Started Create Static Device Nodes in /dev.
[[0;32m  OK  [0m] Started Flush Journal to Persistent Storage.
[[0;32m  OK  [0m] Started udev Coldplug all Devices.
         Starting udev Kernel Device Manager...
[[0;32m  OK  [0m] Started udev Kernel Device Manager.
[[0;32m  OK  [0m] Started Dispatch Password Requests to Console Directory Watch.
[[0;32m  OK  [0m] Found device /dev/ttyS0.
[[0;32m  OK  [0m] Listening on Load/Save RF Kill Switch Status /dev/rfkill Watch.
[[0;32m  OK  [0m] Started Monitoring of LVM2 mirrors,...ng dmeventd or progress polling.
[[0;32m  OK  [0m] Reached target Local File Systems (Pre).
[[0;32m  OK  [0m] Reached target Local File Systems.
         Starting LSB: AppArmor initialization...
         Starting Create Volatile Files and Directories...
         Starting Set console font and keymap...
         Starting Initial cloud-init job (pre-networking)...
         Starting Commit a transient machine-id on disk...
         Starting Tell Plymouth To Write Out Runtime Data...
[[0;32m  OK  [0m] Started Create Volatile Files and Directories.
[[0;32m  OK  [0m] Started Tell Plymouth To Write Out Runtime Data.
[[0;32m  OK  [0m] Started Commit a transient machine-id on disk.
         Starting Update UTMP about System Boot/Shutdown...
[[0;32m  OK  [0m] Started Update UTMP about System Boot/Shutdown.
[[0;32m  OK  [0m] Started Set console font and keymap.
[[0;32m  OK  [0m] Created slice system-getty.slice.
[[0;32m  OK  [0m] Started LSB: AppArmor initialization.
[    6.810099] cloud-init[650]: Cloud-init v. 19.1-1-gbaa47854-0ubuntu1~16.04.1 running 'init-local' at Mon, 17 Jun 2019 06:40:34 +0000. Up 6.47 seconds.
[[0;32m  OK  [0m] Started Initial cloud-init job (pre-networking).
[[0;32m  OK  [0m] Reached target Network (Pre).
         Starting Raise network interfaces...
[[0;32m  OK  [0m] Started Raise network interfaces.
         Starting Initial cloud-init job (metadata service crawler)...
[[0;32m  OK  [0m] Reached target Network.
[    7.656285] cloud-init[974]: Cloud-init v. 19.1-1-gbaa47854-0ubuntu1~16.04.1 running 'init' at Mon, 17 Jun 2019 06:40:35 +0000. Up 7.23 seconds.
[    7.664442] cloud-init[974]: ci-info: ++++++++++++++++++++++++++++++++++++++Net device info+++++++++++++++++++++++++++++++++++++++
[    7.672896] cloud-init[974]: ci-info: +--------+-------+----------------------------+---------------+--------+-------------------+
[    7.674718] cloud-init[974]: ci-info: | Device |   Up  |          Address           |      Mask     | Scope  |     Hw-Address    |
[    7.676864] cloud-init[974]: ci-info: +--------+-------+----------------------------+---------------+--------+-------------------+
[    7.678779] cloud-init[974]: ci-info: | enp0s3 |  True |         10.0.2.15          | 255.255.255.0 | global | 02:bc:a8:42:42:bc |
[    7.680977] cloud-init[974]: ci-info: | enp0s3 |  True | fe80::bc:a8ff:fe42:42bc/64 |       .       |  link  | 02:bc:a8:42:42:bc |
[    7.683404] cloud-init[974]: ci-info: | enp0s8 | False |             .              |       .       |   .    | 08:00:27:25:e5:b4 |
[    7.685594] cloud-init[974]: ci-info: | enp0s9 | False |             .              |       .       |   .    | 08:00:27:96:e8:d0 |
[    7.687697] cloud-init[974]: ci-info: |   lo   |  True |         127.0.0.1          |   255.0.0.0   |  host  |         .         |
[    7.689908] cloud-init[974]: ci-info: |   lo   |  True |          ::1/128           |       .       |  host  |         .         |
[    7.692124] cloud-init[974]: ci-info: +--------+-------+----------------------------+---------------+--------+-------------------+
[    7.694438] cloud-init[974]: ci-info: +++++++++++++++++++++++++++Route IPv4 info++++++++++++++++++++++++++++
[    7.696363] cloud-init[974]: ci-info: +-------+-------------+----------+---------------+-----------+-------+
[    7.698214] cloud-init[974]: ci-info: | Route | Destination | Gateway  |    Genmask    | Interface | Flags |
[    7.700204] cloud-init[974]: ci-info: +-------+-------------+----------+---------------+-----------+-------+
[    7.702108] cloud-init[974]: ci-info: |   0   |   0.0.0.0   | 10.0.2.2 |    0.0.0.0    |   enp0s3  |   UG  |
[    7.704103] cloud-init[974]: ci-info: |   1   |   10.0.2.0  | 0.0.0.0  | 255.255.255.0 |   enp0s3  |   U   |
[    7.706007] cloud-init[974]: ci-info: +-------+-------------+----------+---------------+-----------+-------+
[    7.708164] cloud-init[974]: ci-info: +++++++++++++++++++Route IPv6 info+++++++++++++++++++
[    7.709848] cloud-init[974]: ci-info: +-------+-------------+---------+-----------+-------+
[    7.716902] cloud-init[974]: ci-info: | Route | Destination | Gateway | Interface | Flags |
[    7.718359] cloud-init[974]: ci-info: +-------+-------------+---------+-----------+-------+
[    7.719824] cloud-init[974]: ci-info: |   0   |  fe80::/64  |    ::   |   enp0s3  |   U   |
[    7.721144] cloud-init[974]: ci-info: |   3   |   ff00::/8  |    ::   |   enp0s3  |   U   |
[    7.722516] cloud-init[974]: ci-info: +-------+-------------+---------+-----------+-------+
[    7.723599] cloud-init[974]: Generating public/private rsa key pair.
[    7.732940] cloud-init[974]: Your identification has been saved in /etc/ssh/ssh_host_rsa_key.
[[0;32m  OK  [0m] Started Initial cloud-init job (metadata service crawler).
[    7.733224] cloud-init[974]: Your public key has been saved in /etc/ssh/ssh_host_rsa_key.pub.
[    7.742273] cloud-init[974]: The key fingerprint is:
[[0;32m  OK  [0m] Reached target Network is Online.
[    7.743046] cloud-init[974]: SHA256:Mq0dxJvEmzGy/9dXRZaBxWmXKWzUQOL/YG9pjGG1CPg root@ubuntu-xenial
[    7.752740] cloud-init[974]: The key's randomart image is:
[    7.760500] cloud-init[974]: +---[RSA 2048]----+
[    7.760759] cloud-init[974]: |           .++*o*|
         Starting iSCSI initiator daemon (iscsid)...
[[    7.761129] [0;32m  OK  [0mcloud-init] [974]: Reached target Cloud-config availability.|       o  o .= O+|

[    7.764301] cloud-init[974]: |      . B. o. o+.|
[    7.764471] cloud-init[974]: |       * B. o o o|
[[0;32m  OK  [0m] Reached target System Initialization.
[[0;32m  OK  [0m] Started Daily Cleanup of Temporary Directories.
[[0;32m  OK  [0m] Started Daily apt download activities.
[[0;32m  OK  [0m] Started Daily apt upgrade and clean activities.
[[0;32m  OK  [0m] Reached target Timers.
[    7.764920] cloud-init[974]: |      + S  E B ..|
[    7.780288] cloud-init[974]: |       * .  o B o|
[    7.781191] cloud-init[974]: |      . o    o B.|
[[0;32m  OK  [0m] Started ACPI Events Check.
[[0;32m  OK  [0m] Reached target Paths.
[    7.783718] cloud-init[974]: |         .  . + .|
[    7.786960] cloud-init[974]: |          ..   . |         Starting LXD - unix socket.
[[0;32m  OK  [0m] Listening on ACPID Listen Socket.
[[0;32m  OK  [0m] Listening on D-Bus System Message Bus Socket.
[    7.792707] cloud-init[974]: +----[SHA256]-----+
[    7.793872] cloud-init[974]: Generating public/private dsa key pair.
[    7.795435] cloud-init[974]: 
[[0;32m  OK  [0m] Listening on UUID daemon activation socket.
         Your identification has been saved in /etc/ssh/ssh_host_dsa_key.
[    7.798172] cloud-init[974]: Your public key has been saved in /etc/ssh/ssh_host_dsa_key.pub.
[    7.799903] cloud-init[974]: The key fingerprint is:
[    7.801391] cloud-init[974]: SHA256:ZU4HkVE/Ly+uIWg3cK/3b9iqpPfbvrg1Ijw6ML7zku0 root@ubuntu-xenial
[    7.802833] cloud-init[974]: The key's randomart image is:
[    7.805231] cloud-init[974]: +---[DSA 1024]----+
[    7.807095] cloud-init[974]: |          +=.    |
[    7.807861] cloud-init[974]: |          .. .   |
[    7.809689] cloud-init[974]: |          + . o  |
[    7.810200] cloud-init[974]: |         = .   o |
[    7.812217] cloud-init[974]: |        S o   . .|
[    7.812644] cloud-init[974]: |       o +..   o |
[    7.814291] cloud-init[974]: |      . B +++..=.|
[    7.814548] cloud-init[974]: |       * +.*=o=o+|
[    7.815885] cloud-init[974]: |       .*E+ooBBB=|
[    7.816638] cloud-init[974]: +----[SHA256]-----+
[    7.818131] cloud-init[974]: Generating public/private ecdsa key pair.
[    7.819660] cloud-init[974]: Your identification has been saved in /etc/ssh/ssh_host_ecdsa_key.
[    7.821699] cloud-init[974]: Your public key has been saved in /etc/ssh/ssh_host_ecdsa_key.pub.
[    7.823583] cloud-init[974]: The key fingerprint is:
[    7.825642] cloud-init[974]: SHA256:jIaq+L58PbVvLAj6rojLv/JJD54GNGpyWkUhe0uAinE root@ubuntu-xenial
[    7.826425] cloud-init[974]: The key's randomart image is:
[    7.827860] cloud-init[974]: +---[ECDSA 256]---+
[    7.828898] cloud-init[974]: | .o ..           |
[    7.829056] cloud-init[974]: |o E+.            |
[    7.829660] cloud-init[974]: |oo..o            |
[    7.830525] cloud-init[974]: |oo o.o o         |
[    7.831731] cloud-init[974]: |o ..o o S        |
[    7.833769] cloud-init[974]: |ooo...  .        |
[    7.834754] cloud-init[974]: |o+o+ o o o       |
[    7.836731] cloud-init[974]: |==+.* + o o      |
[    7.838703] cloud-init[974]: |*=@&+. . +.      |
[    7.840507] cloud-init[974]: +----[SHA256]-----+
[    7.841214] cloud-init[974]: Generating public/private ed25519 key pair.
[    7.842652] cloud-init[974]: Your identification has been saved in /etc/ssh/ssh_host_ed25519_key.
[    7.844674] cloud-init[974]: Your public key has been saved in /etc/ssh/ssh_host_ed25519_key.pub.
[    7.847306] cloud-init[974]: The key fingerprint is:
[    7.847970] cloud-init[974]: SHA256:BvOB5HsYwyZ+5OYUVGTHfdLkMyv38fztLBis7jhKknU root@ubuntu-xenial
[    7.849514] cloud-init[974]: The key's randomart image is:
[    7.852764] cloud-init[974]: +--[ED25519 256]--+
[    7.854088] cloud-init[974]: |      oo+... o.  |
[    7.855169] cloud-init[974]: |     = o .. o.o  |
[    7.856749] cloud-init[974]: |    . % .    o+  |
[    7.857099] cloud-init[974]: |   . = X .     + |
[    7.857966] cloud-init[974]: |    . O E  .. o. |
[    7.858711] cloud-init[974]: |     B +    oo oo|
[    7.858860] Starting Socket activation for snappy daemon.
cloud-init[974]: |    o o    . o  +|
[    7.864302] cloud-init[974]: |     o  ... . ..o|
[    7.865319] cloud-init[974]: |      ...+o    o=|
[    7.873035] cloud-init[974]: +----[SHA256]-----+
[[0;32m  OK  [0m] Listening on LXD - unix socket.
[[0;32m  OK  [0m] Listening on Socket activation for snappy daemon.
[[0;32m  OK  [0m] Started iSCSI initiator daemon (iscsid).
         Starting Login to default iSCSI targets...
[[0;32m  OK  [0m] Reached target Sockets.
[[0;32m  OK  [0m] Reached target Basic System.
         Starting System Logging Service...
[[0;32m  OK  [0m] Started ACPI event daemon.
         Starting Pollinate to seed the pseudo random number generator...
         Starting LSB: MD monitoring daemon...
         Starting LSB: Record successful boot for GRUB...
         Starting LXD - container startup/shutdown...
         Starting Virtualbox guest utils...
         Starting Snappy daemon...
         Starting /etc/rc.local Compatibility...
[[0;32m  OK  [0m] Started FUSE filesystem for LXC.
[[0;32m  OK  [0m] Started Regular background program processing daemon.
[[0;32m  OK  [0m] Started D-Bus System Message Bus.
[[0;32m  OK  [0m] Started Deferred execution scheduler.
         Starting Accounts Service...
         Starting Login Service...
[[0;32m  OK  [0m] Started System Logging Service.
[[0;32m  OK  [0m] Started /etc/rc.local Compatibility.
[[0;32m  OK  [0m] Started Login to default iSCSI targets.
[[0;32m  OK  [0m] Started LSB: Record successful boot for GRUB.
[[0;32m  OK  [0m] Started Login Service.
[[0;32m  OK  [0m] Started Unattended Upgrades Shutdown.
         Starting Authenticate and Authorize Users to Run Privileged Tasks...
[[0;32m  OK  [0m] Reached target Remote File Systems (Pre).
[[0;32m  OK  [0m] Reached target Remote File Systems.
         Starting LSB: automatic crash report generation...
         Starting LSB: daemon to balance interrupts for SMP systems...
         Starting Permit User Sessions...
         Starting LSB: Set the CPU Frequency Scaling governor to "ondemand"...
[[0;32m  OK  [0m] Started LSB: MD monitoring daemon.
[[0;32m  OK  [0m] Started LXD - container startup/shutdown.
[[0;32m  OK  [0m] Started Permit User Sessions.
[[0;32m  OK  [0m] Started Authenticate and Authorize Users to Run Privileged Tasks.
[[0;32m  OK  [0m] Started Accounts Service.
         Starting Terminate Plymouth Boot Screen...
         Starting Hold until boot process finishes up...
[[0;32m  OK  [0m] Started Virtualbox guest utils.
[[0;32m  OK  [0m] Started LSB: automatic crash report generation.
[[0;32m  OK  [0m] Started LSB: daemon to balance interrupts for SMP systems.
[[0;32m  OK  [0m] Started Terminate Plymouth Boot Screen.
[[0;32m  OK  [0m] Started Hold until boot process finishes up.
[[0;32m  OK  [0m] Started LSB: Set the CPU Frequency Scaling governor to "ondemand".
[[0;32m  OK  [0m] Started Getty on tty1.
[[0;32m  OK  [0m] Started Serial Getty on ttyS0.
[[0;32m  OK  [0m] Reached target Login Prompts.
         Starting Set console scheme...
[[0;32m  OK  [0m] Started Snappy daemon.
[[0;32m  OK  [0m] Started Set console scheme.
         Starting Wait until snapd is fully seeded...
[[0;32m  OK  [0m] Started Pollinate to seed the pseudo random number generator.
         Starting OpenBSD Secure Shell server...
[[0;32m  OK  [0m] Started OpenBSD Secure Shell server.
[[0;32m  OK  [0m] Created slice User Slice of vagrant.
         Starting User Manager for UID 1000...
[[0;32m  OK  [0m] Started Session 1 of user vagrant.
[[0;32m  OK  [0m] Started User Manager for UID 1000.

Ubuntu 16.04.6 LTS ubuntu-xenial ttyS0

ubuntu-xenial login: [   15.181272] cloud-init[1649]: Generating locales (this might take a while)...
[   15.789867] cloud-init[1649]:   en_US.UTF-8... done
[   15.791497] cloud-init[1649]: Generation complete.
[   15.975130] cloud-init[1649]: Cloud-init v. 19.1-1-gbaa47854-0ubuntu1~16.04.1 running 'modules:config' at Mon, 17 Jun 2019 06:40:42 +0000. Up 15.11 seconds.
ci-info: no authorized ssh keys fingerprints found for user ubuntu.
<14>Jun 17 06:40:44 ec2: 
<14>Jun 17 06:40:44 ec2: #############################################################
<14>Jun 17 06:40:44 ec2: -----BEGIN SSH HOST KEY FINGERPRINTS-----
<14>Jun 17 06:40:44 ec2: 1024 SHA256:ZU4HkVE/Ly+uIWg3cK/3b9iqpPfbvrg1Ijw6ML7zku0 root@ubuntu-xenial (DSA)
<14>Jun 17 06:40:44 ec2: 256 SHA256:jIaq+L58PbVvLAj6rojLv/JJD54GNGpyWkUhe0uAinE root@ubuntu-xenial (ECDSA)
<14>Jun 17 06:40:44 ec2: 256 SHA256:BvOB5HsYwyZ+5OYUVGTHfdLkMyv38fztLBis7jhKknU root@ubuntu-xenial (ED25519)
<14>Jun 17 06:40:44 ec2: 2048 SHA256:Mq0dxJvEmzGy/9dXRZaBxWmXKWzUQOL/YG9pjGG1CPg root@ubuntu-xenial (RSA)
<14>Jun 17 06:40:44 ec2: -----END SSH HOST KEY FINGERPRINTS-----
<14>Jun 17 06:40:44 ec2: #############################################################
-----BEGIN SSH HOST KEY KEYS-----
ecdsa-sha2-nistp256 AAAAE2VjZHNhLXNoYTItbmlzdHAyNTYAAAAIbmlzdHAyNTYAAABBBNW9oeN7y/J1VvcsnZLR+x4R/B81hk7uiGJiJysOwnn76KjTONgDGsD7Pm+Jp0W1Bcxnvly2G1DpsGG08faHnbc= root@ubuntu-xenial
ssh-ed25519 AAAAC3NzaC1lZDI1NTE5AAAAIAeMpG29hx8PcmkfdL90CmeN5KQvhzV/i4fLoTPR2m4d root@ubuntu-xenial
ssh-rsa AAAAB3NzaC1yc2EAAAADAQABAAABAQC4OsheUgwmkb/Zo+op+bJ7unuhPzNERAVUPXpgjs7cNajlbvITG5Egntm3I3ruoJTrCVNxGHY1G3GA8U/fuwrL4bJ8ncP+BL/mYvDEQKr00bqf7ZE7rTBKQaJHq19yPIChaitKbmR9avaeb+rW2s/3wJFGZxZhY4BVmNqJD8I3Jgjt7MC4xBwJNrfi9VXin35hHrIT0sY98q1EmfttH8+pchlktqBkHPBQXfj+0YhR5G3Ohn+JlK7Uky1oFkiA0pZ5E/CoJT+UWq3Rlif3RI9IcYhPRedqnVI+c1ZArEwmePYP5LFNC/BCg7/9thoeG4cy7ZZgXncUMFLaJtMJOAAV root@ubuntu-xenial
-----END SSH HOST KEY KEYS-----
[   16.343733] cloud-init[1798]: Cloud-init v. 19.1-1-gbaa47854-0ubuntu1~16.04.1 running 'modules:final' at Mon, 17 Jun 2019 06:40:44 +0000. Up 16.23 seconds.
[   16.349296] cloud-init[1798]: ci-info: no authorized ssh keys fingerprints found for user ubuntu.
[   16.354988] cloud-init[1798]: Cloud-init v. 19.1-1-gbaa47854-0ubuntu1~16.04.1 finished at Mon, 17 Jun 2019 06:40:44 +0000. Datasource DataSourceNoCloud [seed=/dev/sdb][dsmode=net].  Up 16.32 seconds
